== rel_f4 K=0 20:52:22 load=5.38
sweep_contention_benchmark garbage=3000000 threads=6 reps=3
rep 0
  S5   sweep=   66.79 ms swept=  6000000 freed=  6000000 segs= 1000000 ns/cell=  11.1 mark=   0.02 ms
  S0   sweep=   65.59 ms swept=  6000000 freed=  6000000 segs= 1000000 ns/cell=  10.9 mark=   0.02 ms
  S1   sweep=  400.01 ms swept=  6000000 freed=  6000000 segs= 1000000 ns/cell=  66.7 mark=   0.04 ms
  S2   sweep=   75.13 ms swept=  6006912 freed=  6006912 segs= 1003456 ns/cell=  12.5 mark=   0.02 ms
  S3b  sweep=  147.39 ms swept=  8250003 freed=  6000000 segs= 1000152 ns/cell=  17.9 mark= 134.26 ms
  S3   sweep=  194.42 ms swept=  8250003 freed=  6000002 segs= 1000152 ns/cell=  23.6 mark= 152.24 ms
  S4   sweep=   90.37 ms swept=  6000027 freed=  6000024 segs= 1000009 ns/cell=  15.1 mark=   0.02 ms
rep 1
  S5   sweep=   65.25 ms swept=  6000000 freed=  6000000 segs= 1000000 ns/cell=  10.9 mark=   0.02 ms
  S0   sweep=   66.76 ms swept=  6000000 freed=  6000000 segs= 1000000 ns/cell=  11.1 mark=   0.02 ms
  S1   sweep=  236.40 ms swept=  6000000 freed=  6000000 segs= 1000000 ns/cell=  39.4 mark=   0.63 ms
  S2   sweep=   74.30 ms swept=  6005376 freed=  6005376 segs= 1002688 ns/cell=  12.4 mark=   0.01 ms
  S3b  sweep=  149.06 ms swept=  8250000 freed=  6000000 segs= 1000150 ns/cell=  18.1 mark= 112.80 ms
  S3   sweep=  229.03 ms swept=  8250000 freed=  6000000 segs= 1000150 ns/cell=  27.8 mark= 135.42 ms
  S4   sweep=  101.16 ms swept=  6000023 freed=  6000023 segs= 1000007 ns/cell=  16.9 mark=   0.02 ms
rep 2
  S5   sweep=   67.05 ms swept=  6000000 freed=  6000000 segs= 1000000 ns/cell=  11.2 mark=   0.01 ms
  S0   sweep=   65.40 ms swept=  6000000 freed=  6000000 segs= 1000000 ns/cell=  10.9 mark=   0.02 ms
  S1   sweep=  431.54 ms swept=  6000000 freed=  6000000 segs= 1000000 ns/cell=  71.9 mark=   0.03 ms
  S2   sweep=   70.76 ms swept=  6011904 freed=  6011904 segs= 1005952 ns/cell=  11.8 mark=   0.03 ms
  S3b  sweep=  147.96 ms swept=  8250000 freed=  6000000 segs= 1000150 ns/cell=  17.9 mark= 116.12 ms
  S3   sweep=  190.94 ms swept=  8250000 freed=  6000000 segs= 1000150 ns/cell=  23.1 mark= 142.36 ms
  S4   sweep=   94.36 ms swept=  6000028 freed=  6000028 segs= 1000007 ns/cell=  15.7 mark=   0.01 ms
median ns per swept cell (3 reps): S0=10.9 S1=66.7 S2=12.4 S3b=17.9 S3=23.6 S4=15.7 S5=11.1
verified=yes
== rel_f4 K=3 20:52:34 load=5.42
sweep_contention_benchmark garbage=3000000 threads=6 reps=3
rep 0
  S5   sweep=   65.58 ms swept=  6000000 freed=  6000000 segs= 1000000 ns/cell=  10.9 mark=   0.01 ms
  S0   sweep=   67.67 ms swept=  6000000 freed=  6000000 segs= 1000000 ns/cell=  11.3 mark=   0.02 ms
  S1   sweep=  413.75 ms swept=  6000000 freed=  6000000 segs= 1000000 ns/cell=  69.0 mark=   0.04 ms
  S2   sweep=   76.40 ms swept=  6006016 freed=  6006016 segs= 1003008 ns/cell=  12.7 mark=   0.03 ms
  S3b  sweep=  150.37 ms swept=  8250002 freed=  6000000 segs= 1000151 ns/cell=  18.2 mark= 135.44 ms
  S3   sweep=  198.89 ms swept=  8250002 freed=  6000001 segs= 1000151 ns/cell=  24.1 mark= 147.39 ms
  S4   sweep=   96.80 ms swept=  6000027 freed=  6000024 segs= 1000008 ns/cell=  16.1 mark=   0.01 ms
rep 1
  S5   sweep=   70.15 ms swept=  6000000 freed=  6000000 segs= 1000000 ns/cell=  11.7 mark=   0.01 ms
  S0   sweep=   66.44 ms swept=  6000000 freed=  6000000 segs= 1000000 ns/cell=  11.1 mark=   0.02 ms
  S1   sweep=  238.46 ms swept=  6000000 freed=  6000000 segs= 1000000 ns/cell=  39.7 mark=   0.05 ms
  S2   sweep=   74.92 ms swept=  6009088 freed=  6009088 segs= 1004544 ns/cell=  12.5 mark=   0.02 ms
  S3b  sweep=  146.00 ms swept=  8250000 freed=  6000000 segs= 1000150 ns/cell=  17.7 mark= 111.02 ms
  S3   sweep=  182.66 ms swept=  8250000 freed=  6000000 segs= 1000150 ns/cell=  22.1 mark= 133.80 ms
  S4   sweep=   94.01 ms swept=  6000029 freed=  6000029 segs= 1000008 ns/cell=  15.7 mark=   0.02 ms
rep 2
  S5   sweep=   63.88 ms swept=  6000000 freed=  6000000 segs= 1000000 ns/cell=  10.6 mark=   0.02 ms
  S0   sweep=   65.87 ms swept=  6000000 freed=  6000000 segs= 1000000 ns/cell=  11.0 mark=   0.02 ms
  S1   sweep=  418.13 ms swept=  6000000 freed=  6000000 segs= 1000000 ns/cell=  69.7 mark=   0.05 ms
  S2   sweep=   72.99 ms swept=  6003968 freed=  6003968 segs= 1001984 ns/cell=  12.2 mark=   0.01 ms
  S3b  sweep=  153.13 ms swept=  8250000 freed=  6000000 segs= 1000150 ns/cell=  18.6 mark= 113.15 ms
  S3   sweep=  189.00 ms swept=  8250000 freed=  6000000 segs= 1000150 ns/cell=  22.9 mark= 141.73 ms
  S4   sweep=  104.47 ms swept=  6000025 freed=  6000025 segs= 1000007 ns/cell=  17.4 mark=   0.01 ms
median ns per swept cell (3 reps): S0=11.1 S1=69.0 S2=12.5 S3b=18.2 S3=22.9 S4=16.1 S5=10.9
verified=yes
== rel_m4d K=0 20:52:46 load=5.53
hardware: physical cores 6, NUMA nodes 1, L3 4096 KiB (cpu0's); sweep cursors 8, prefetch 1
helpers K=0
sweep_contention_benchmark garbage=3000000 threads=6 reps=3 helpers=0
rep 0
  S5   sweep=   71.17 ms swept=  6000000 freed=  6000000 segs= 1000000 ns/cell=  11.9 mark=   0.02 ms
  S0   sweep=   69.84 ms swept=  6000000 freed=  6000000 segs= 1000000 ns/cell=  11.6 mark=   0.02 ms
  S1   sweep=  318.34 ms swept=  6000000 freed=  6000000 segs= 1000000 ns/cell=  53.1 mark=   0.05 ms
  S2   sweep=   77.48 ms swept=  6007936 freed=  6007936 segs= 1003968 ns/cell=  12.9 mark=   0.02 ms
  S3b  sweep=  160.40 ms swept=  8250000 freed=  6000000 segs= 1000150 ns/cell=  19.4 mark= 129.65 ms
  S3   sweep=  208.17 ms swept=  8250000 freed=  6000000 segs= 1000150 ns/cell=  25.2 mark= 138.79 ms
  S4   sweep=  102.84 ms swept=  6000025 freed=  6000022 segs= 1000007 ns/cell=  17.1 mark=   0.01 ms
rep 1
  S5   sweep=   69.49 ms swept=  6000000 freed=  6000000 segs= 1000000 ns/cell=  11.6 mark=   0.02 ms
  S0   sweep=   70.23 ms swept=  6000000 freed=  6000000 segs= 1000000 ns/cell=  11.7 mark=   0.02 ms
  S1   sweep=  273.15 ms swept=  6000000 freed=  6000000 segs= 1000000 ns/cell=  45.5 mark=   0.04 ms
  S2   sweep=   76.52 ms swept=  6009344 freed=  6009344 segs= 1004672 ns/cell=  12.7 mark=   0.02 ms
  S3b  sweep=  160.24 ms swept=  8250000 freed=  6000000 segs= 1000150 ns/cell=  19.4 mark= 116.03 ms
  S3   sweep=  169.47 ms swept=  8250000 freed=  6000000 segs= 1000150 ns/cell=  20.5 mark= 121.06 ms
  S4   sweep=  109.85 ms swept=  6000025 freed=  6000023 segs= 1000008 ns/cell=  18.3 mark=   0.01 ms
rep 2
  S5   sweep=   72.86 ms swept=  6000000 freed=  6000000 segs= 1000000 ns/cell=  12.1 mark=   0.02 ms
  S0   sweep=   68.50 ms swept=  6000000 freed=  6000000 segs= 1000000 ns/cell=  11.4 mark=   0.01 ms
  S1   sweep=  273.33 ms swept=  6000000 freed=  6000000 segs= 1000000 ns/cell=  45.6 mark=   0.05 ms
  S2   sweep=   64.89 ms swept=  6007936 freed=  6007936 segs= 1003968 ns/cell=  10.8 mark=   0.02 ms
  S3b  sweep=  161.30 ms swept=  8250000 freed=  6000000 segs= 1000150 ns/cell=  19.6 mark= 113.06 ms
  S3   sweep=  178.69 ms swept=  8250000 freed=  6000000 segs= 1000150 ns/cell=  21.7 mark= 121.06 ms
  S4   sweep=  107.53 ms swept=  6000024 freed=  6000022 segs= 1000007 ns/cell=  17.9 mark=   0.01 ms
median ns per swept cell (3 reps): S0=11.6 S1=45.6 S2=12.7 S3b=19.4 S3=21.7 S4=17.9 S5=11.9

verified=yes
== rel_m4d K=3 20:52:58 load=5.47
hardware: physical cores 6, NUMA nodes 1, L3 4096 KiB (cpu0's); sweep cursors 8, prefetch 1
helpers K=3
sweep_contention_benchmark garbage=3000000 threads=6 reps=3 helpers=3
rep 0
  S5   sweep=   36.35 ms swept=  6000000 freed=  6000000 segs= 1000000 ns/cell=   6.1 mark=   0.02 ms
  S0   sweep=   39.70 ms swept=  6000000 freed=  6000000 segs= 1000000 ns/cell=   6.6 mark=   0.02 ms
  S1   sweep=  139.79 ms swept=  6000000 freed=  6000000 segs= 1000000 ns/cell=  23.3 mark=   0.03 ms
  S2   sweep=   61.53 ms swept=  6074496 freed=  6074496 segs= 1037248 ns/cell=  10.1 mark=   0.03 ms
  S3b  sweep=   89.88 ms swept=  8250003 freed=  6000000 segs= 1000152 ns/cell=  10.9 mark= 142.32 ms
  S3   sweep=  116.28 ms swept=  8250003 freed=  6000002 segs= 1000152 ns/cell=  14.1 mark= 145.08 ms
  S4   sweep=   65.13 ms swept=  6000031 freed=  6000028 segs= 1000009 ns/cell=  10.9 mark=   0.02 ms
rep 1
  S5   sweep=   34.24 ms swept=  6000000 freed=  6000000 segs= 1000000 ns/cell=   5.7 mark=   0.01 ms
  S0   sweep=   38.45 ms swept=  6000000 freed=  6000000 segs= 1000000 ns/cell=   6.4 mark=   0.02 ms
  S1   sweep=  150.95 ms swept=  6000000 freed=  6000000 segs= 1000000 ns/cell=  25.2 mark=   0.04 ms
  S2   sweep=   57.33 ms swept=  6035712 freed=  6035712 segs= 1017856 ns/cell=   9.5 mark=   0.02 ms
  S3b  sweep=   97.87 ms swept=  8250000 freed=  6000000 segs= 1000150 ns/cell=  11.9 mark= 117.91 ms
  S3   sweep=  132.05 ms swept=  8250000 freed=  6000000 segs= 1000150 ns/cell=  16.0 mark= 137.92 ms
  S4   sweep=   62.52 ms swept=  6000022 freed=  6000022 segs= 1000007 ns/cell=  10.4 mark=   0.02 ms
rep 2
  S5   sweep=   37.80 ms swept=  6000000 freed=  6000000 segs= 1000000 ns/cell=   6.3 mark=   0.02 ms
  S0   sweep=   39.28 ms swept=  6000000 freed=  6000000 segs= 1000000 ns/cell=   6.5 mark=   0.01 ms
  S1   sweep=  158.13 ms swept=  6000000 freed=  6000000 segs= 1000000 ns/cell=  26.4 mark=   0.06 ms
  S2   sweep=   64.98 ms swept=  6036224 freed=  6036224 segs= 1018112 ns/cell=  10.8 mark=   0.03 ms
  S3b  sweep=   93.43 ms swept=  8250000 freed=  6000000 segs= 1000150 ns/cell=  11.3 mark= 119.75 ms
  S3   sweep=  128.15 ms swept=  8250000 freed=  6000000 segs= 1000150 ns/cell=  15.5 mark= 141.83 ms
  S4   sweep=   60.04 ms swept=  6000025 freed=  6000025 segs= 1000008 ns/cell=  10.0 mark=   0.02 ms
median ns per swept cell (3 reps): S0=6.5 S1=25.2 S2=10.1 S3b=11.3 S3=15.5 S4=10.4 S5=6.1

verified=yes
