== rel_m1 12:33:37 load=1.99
sweep_contention_benchmark garbage=3000000 threads=6 reps=3
rep 0
  S5   sweep=   54.97 ms swept=  6000000 freed=  6000000 segs= 1000000 ns/cell=   9.2 mark=   0.02 ms
  S0   sweep=   52.55 ms swept=  6000000 freed=  6000000 segs= 1000000 ns/cell=   8.8 mark=   0.01 ms
  S1   sweep=  229.99 ms swept=  6000000 freed=  6000000 segs= 1000000 ns/cell=  38.3 mark=   0.06 ms
  S2   sweep=  102.09 ms swept=  6006016 freed=  6006016 segs= 1003008 ns/cell=  17.0 mark=   0.01 ms
  S3b  sweep=  185.14 ms swept=  8250000 freed=  6000000 segs= 1000150 ns/cell=  22.4 mark= 141.53 ms
  S3   sweep=  272.90 ms swept=  8250000 freed=  6000000 segs= 1000150 ns/cell=  33.1 mark= 147.11 ms
  S4   sweep=  123.76 ms swept=  6000023 freed=  6000020 segs= 1000008 ns/cell=  20.6 mark=   0.02 ms
rep 1
  S5   sweep=   55.44 ms swept=  6000000 freed=  6000000 segs= 1000000 ns/cell=   9.2 mark=   0.01 ms
  S0   sweep=   53.97 ms swept=  6000000 freed=  6000000 segs= 1000000 ns/cell=   9.0 mark=   0.01 ms
  S1   sweep=  227.93 ms swept=  6000000 freed=  6000000 segs= 1000000 ns/cell=  38.0 mark=   0.04 ms
  S2   sweep=  119.79 ms swept=  6010240 freed=  6010240 segs= 1005120 ns/cell=  19.9 mark=   0.03 ms
  S3b  sweep=  187.84 ms swept=  8250000 freed=  6000000 segs= 1000150 ns/cell=  22.8 mark= 119.28 ms
  S3   sweep=  252.07 ms swept=  8250000 freed=  6000000 segs= 1000150 ns/cell=  30.6 mark= 130.79 ms
  S4   sweep=  121.30 ms swept=  6000028 freed=  6000028 segs= 1000008 ns/cell=  20.2 mark=   0.01 ms
rep 2
  S5   sweep=   53.66 ms swept=  6000000 freed=  6000000 segs= 1000000 ns/cell=   8.9 mark=   0.01 ms
  S0   sweep=   58.79 ms swept=  6000000 freed=  6000000 segs= 1000000 ns/cell=   9.8 mark=   0.01 ms
  S1   sweep=  273.37 ms swept=  6000000 freed=  6000000 segs= 1000000 ns/cell=  45.6 mark=   0.04 ms
  S2   sweep=  123.70 ms swept=  6003712 freed=  6003712 segs= 1001856 ns/cell=  20.6 mark=   0.02 ms
  S3b  sweep=  184.63 ms swept=  8250000 freed=  6000000 segs= 1000150 ns/cell=  22.4 mark= 112.62 ms
  S3   sweep=  252.76 ms swept=  8250000 freed=  6000000 segs= 1000150 ns/cell=  30.6 mark= 128.21 ms
  S4   sweep=  119.13 ms swept=  6000028 freed=  6000028 segs= 1000007 ns/cell=  19.9 mark=   0.01 ms
median ns per swept cell (3 reps): S0=9.0 S1=38.3 S2=19.9 S3b=22.4 S3=30.6 S4=20.2 S5=9.2
verified=yes
== rel_f123 12:33:49 load=2.14
sweep_contention_benchmark garbage=3000000 threads=6 reps=3
rep 0
  S5   sweep=   61.90 ms swept=  6000000 freed=  6000000 segs= 1000000 ns/cell=  10.3 mark=   0.02 ms
  S0   sweep=   52.02 ms swept=  6000000 freed=  6000000 segs= 1000000 ns/cell=   8.7 mark=   0.02 ms
  S1   sweep=  280.37 ms swept=  6000000 freed=  6000000 segs= 1000000 ns/cell=  46.7 mark=   0.05 ms
  S2   sweep=   56.83 ms swept=  6016896 freed=  6016896 segs= 1008448 ns/cell=   9.4 mark=   0.04 ms
  S3b  sweep=  178.28 ms swept=  8250000 freed=  6000000 segs= 1000150 ns/cell=  21.6 mark= 131.32 ms
  S3   sweep=  262.85 ms swept=  8250000 freed=  6000000 segs= 1000150 ns/cell=  31.9 mark= 145.81 ms
  S4   sweep=  115.07 ms swept=  6000034 freed=  6000031 segs= 1000010 ns/cell=  19.2 mark=   0.02 ms
rep 1
  S5   sweep=   56.16 ms swept=  6000000 freed=  6000000 segs= 1000000 ns/cell=   9.4 mark=   0.02 ms
  S0   sweep=   54.04 ms swept=  6000000 freed=  6000000 segs= 1000000 ns/cell=   9.0 mark=   0.02 ms
  S1   sweep=  224.09 ms swept=  6000000 freed=  6000000 segs= 1000000 ns/cell=  37.3 mark=   0.04 ms
  S2   sweep=   61.89 ms swept=  6008448 freed=  6008448 segs= 1004224 ns/cell=  10.3 mark=   0.02 ms
  S3b  sweep=  175.18 ms swept=  8250000 freed=  6000000 segs= 1000150 ns/cell=  21.2 mark= 118.36 ms
  S3   sweep=  352.34 ms swept=  8250000 freed=  6000000 segs= 1000150 ns/cell=  42.7 mark= 235.64 ms
  S4   sweep=  115.09 ms swept=  6000023 freed=  6000023 segs= 1000007 ns/cell=  19.2 mark=   0.01 ms
rep 2
  S5   sweep=   58.03 ms swept=  6000000 freed=  6000000 segs= 1000000 ns/cell=   9.7 mark=   0.01 ms
  S0   sweep=   56.54 ms swept=  6000000 freed=  6000000 segs= 1000000 ns/cell=   9.4 mark=   0.02 ms
  S1   sweep=  185.11 ms swept=  6000000 freed=  6000000 segs= 1000000 ns/cell=  30.9 mark=   0.05 ms
  S2   sweep=   62.99 ms swept=  6069504 freed=  6069504 segs= 1034752 ns/cell=  10.4 mark=   0.01 ms
  S3b  sweep=  178.74 ms swept=  8250000 freed=  6000000 segs= 1000150 ns/cell=  21.7 mark= 108.88 ms
  S3   sweep=  257.99 ms swept=  8250000 freed=  6000000 segs= 1000150 ns/cell=  31.3 mark= 135.64 ms
  S4   sweep=  115.13 ms swept=  6000027 freed=  6000027 segs= 1000007 ns/cell=  19.2 mark=   0.01 ms
median ns per swept cell (3 reps): S0=9.0 S1=37.3 S2=10.3 S3b=21.6 S3=31.9 S4=19.2 S5=9.7
verified=yes
== rel_f4 12:34:01 load=2.72
sweep_contention_benchmark garbage=3000000 threads=6 reps=3
rep 0
  S5   sweep=   68.08 ms swept=  6000000 freed=  6000000 segs= 1000000 ns/cell=  11.3 mark=   0.01 ms
  S0   sweep=   64.76 ms swept=  6000000 freed=  6000000 segs= 1000000 ns/cell=  10.8 mark=   0.02 ms
  S1   sweep=  446.06 ms swept=  6000000 freed=  6000000 segs= 1000000 ns/cell=  74.3 mark=   0.03 ms
  S2   sweep=   74.74 ms swept=  6041984 freed=  6041984 segs= 1020992 ns/cell=  12.4 mark=   0.02 ms
  S3b  sweep=  150.80 ms swept=  8250003 freed=  6000000 segs= 1000152 ns/cell=  18.3 mark= 130.52 ms
  S3   sweep=  189.03 ms swept=  8250003 freed=  6000002 segs= 1000152 ns/cell=  22.9 mark= 138.34 ms
  S4   sweep=   97.78 ms swept=  6000025 freed=  6000024 segs= 1000009 ns/cell=  16.3 mark=   0.02 ms
rep 1
  S5   sweep=   66.55 ms swept=  6000000 freed=  6000000 segs= 1000000 ns/cell=  11.1 mark=   0.02 ms
  S0   sweep=   64.85 ms swept=  6000000 freed=  6000000 segs= 1000000 ns/cell=  10.8 mark=   0.01 ms
  S1   sweep=  220.15 ms swept=  6000000 freed=  6000000 segs= 1000000 ns/cell=  36.7 mark=   0.03 ms
  S2   sweep=   73.02 ms swept=  6005120 freed=  6005120 segs= 1002560 ns/cell=  12.2 mark=   0.03 ms
  S3b  sweep=  154.05 ms swept=  8250000 freed=  6000000 segs= 1000150 ns/cell=  18.7 mark= 115.04 ms
  S3   sweep=  195.45 ms swept=  8250000 freed=  6000000 segs= 1000150 ns/cell=  23.7 mark= 138.92 ms
  S4   sweep=   97.29 ms swept=  6000025 freed=  6000025 segs= 1000007 ns/cell=  16.2 mark=   0.02 ms
rep 2
  S5   sweep=   61.72 ms swept=  6000000 freed=  6000000 segs= 1000000 ns/cell=  10.3 mark=   0.02 ms
  S0   sweep=   65.51 ms swept=  6000000 freed=  6000000 segs= 1000000 ns/cell=  10.9 mark=   0.01 ms
  S1   sweep=  414.23 ms swept=  6000000 freed=  6000000 segs= 1000000 ns/cell=  69.0 mark=   0.04 ms
  S2   sweep=   72.49 ms swept=  6042880 freed=  6042880 segs= 1021440 ns/cell=  12.0 mark=   0.03 ms
  S3b  sweep=  146.23 ms swept=  8250000 freed=  6000000 segs= 1000150 ns/cell=  17.7 mark= 114.14 ms
  S3   sweep=  148.31 ms swept=  8250000 freed=  6000000 segs= 1000150 ns/cell=  18.0 mark= 117.58 ms
  S4   sweep=   98.23 ms swept=  6000028 freed=  6000026 segs= 1000007 ns/cell=  16.4 mark=   0.02 ms
median ns per swept cell (3 reps): S0=10.8 S1=69.0 S2=12.2 S3b=18.3 S3=22.9 S4=16.3 S5=11.1
verified=yes
QUEUE1_DONE
