== rel_m4 Kscan 14:46:32 load=9.70
helpers K=0
sweep_contention_benchmark garbage=3000000 threads=6 reps=3 helpers=0
rep 0
  S5   sweep=   75.69 ms swept=  6000000 freed=  6000000 segs= 1000000 ns/cell=  12.6 mark=   0.05 ms
  S0   sweep=   80.33 ms swept=  6000000 freed=  6000000 segs= 1000000 ns/cell=  13.4 mark=   0.01 ms
  S1   sweep=  360.81 ms swept=  6000000 freed=  6000000 segs= 1000000 ns/cell=  60.1 mark=   0.04 ms
  S2   sweep=   86.33 ms swept=  6008832 freed=  6008832 segs= 1004416 ns/cell=  14.4 mark=   0.01 ms
  S3b  sweep=  150.18 ms swept=  8250003 freed=  6000000 segs= 1000152 ns/cell=  18.2 mark= 132.79 ms
  S3   sweep=  210.36 ms swept=  8250003 freed=  6000002 segs= 1000152 ns/cell=  25.5 mark= 139.10 ms
  S4   sweep=  120.83 ms swept=  6000028 freed=  6000027 segs= 1000009 ns/cell=  20.1 mark=   0.01 ms
rep 1
  S5   sweep=   76.20 ms swept=  6000000 freed=  6000000 segs= 1000000 ns/cell=  12.7 mark=   0.02 ms
  S0   sweep=   82.87 ms swept=  6000000 freed=  6000000 segs= 1000000 ns/cell=  13.8 mark=   0.01 ms
  S1   sweep=  271.42 ms swept=  6000000 freed=  6000000 segs= 1000000 ns/cell=  45.2 mark=   0.03 ms
  S2   sweep=   95.33 ms swept=  6009088 freed=  6009088 segs= 1004544 ns/cell=  15.9 mark=   0.01 ms
  S3b  sweep=  166.03 ms swept=  8250000 freed=  6000000 segs= 1000150 ns/cell=  20.1 mark= 120.22 ms
  S3   sweep=  220.16 ms swept=  8250000 freed=  6000000 segs= 1000150 ns/cell=  26.7 mark= 142.38 ms
  S4   sweep=  122.82 ms swept=  6000031 freed=  6000030 segs= 1000008 ns/cell=  20.5 mark=   0.01 ms
rep 2
  S5   sweep=   73.53 ms swept=  6000000 freed=  6000000 segs= 1000000 ns/cell=  12.3 mark=   0.02 ms
  S0   sweep=   74.94 ms swept=  6000000 freed=  6000000 segs= 1000000 ns/cell=  12.5 mark=   0.02 ms
  S1   sweep=  262.21 ms swept=  6000000 freed=  6000000 segs= 1000000 ns/cell=  43.7 mark=   0.02 ms
  S2   sweep=   96.48 ms swept=  6004224 freed=  6004224 segs= 1002112 ns/cell=  16.1 mark=   0.02 ms
  S3b  sweep=  174.56 ms swept=  8250000 freed=  6000000 segs= 1000150 ns/cell=  21.2 mark= 117.99 ms
  S3   sweep=  222.70 ms swept=  8250000 freed=  6000000 segs= 1000150 ns/cell=  27.0 mark= 136.21 ms
  S4   sweep=  124.49 ms swept=  6000032 freed=  6000031 segs= 1000007 ns/cell=  20.7 mark=   0.02 ms
median ns per swept cell (3 reps): S0=13.4 S1=45.2 S2=15.9 S3b=20.1 S3=26.7 S4=20.5 S5=12.6
helpers K=1
sweep_contention_benchmark garbage=3000000 threads=6 reps=3 helpers=1
rep 0
  S5   sweep=   48.57 ms swept=  6000000 freed=  6000000 segs= 1000000 ns/cell=   8.1 mark=   0.02 ms
  S0   sweep=   52.82 ms swept=  6000000 freed=  6000000 segs= 1000000 ns/cell=   8.8 mark=   0.01 ms
  S1   sweep=  248.46 ms swept=  6000000 freed=  6000000 segs= 1000000 ns/cell=  41.4 mark=   0.02 ms
  S2   sweep=   67.09 ms swept=  6051072 freed=  6051072 segs= 1025536 ns/cell=  11.1 mark=   0.02 ms
  S3b  sweep=  120.51 ms swept=  8250000 freed=  6000000 segs= 1000150 ns/cell=  14.6 mark= 120.35 ms
  S3   sweep=  157.73 ms swept=  8250000 freed=  6000000 segs= 1000150 ns/cell=  19.1 mark= 140.50 ms
  S4   sweep=   89.28 ms swept=  6000022 freed=  6000022 segs= 1000007 ns/cell=  14.9 mark=   0.02 ms
rep 1
  S5   sweep=   54.24 ms swept=  6000000 freed=  6000000 segs= 1000000 ns/cell=   9.0 mark=   0.02 ms
  S0   sweep=   60.87 ms swept=  6000000 freed=  6000000 segs= 1000000 ns/cell=  10.1 mark=   0.02 ms
  S1   sweep=  178.65 ms swept=  6000000 freed=  6000000 segs= 1000000 ns/cell=  29.8 mark=   0.04 ms
  S2   sweep=   71.65 ms swept=  6005120 freed=  6005120 segs= 1002560 ns/cell=  11.9 mark=   0.02 ms
  S3b  sweep=  126.42 ms swept=  8250000 freed=  6000000 segs= 1000150 ns/cell=  15.3 mark= 116.16 ms
  S3   sweep=  160.69 ms swept=  8250000 freed=  6000000 segs= 1000150 ns/cell=  19.5 mark= 148.11 ms
  S4   sweep=   87.42 ms swept=  6000027 freed=  6000027 segs= 1000007 ns/cell=  14.6 mark=   0.01 ms
rep 2
  S5   sweep=   47.13 ms swept=  6000000 freed=  6000000 segs= 1000000 ns/cell=   7.9 mark=   0.02 ms
  S0   sweep=   57.84 ms swept=  6000000 freed=  6000000 segs= 1000000 ns/cell=   9.6 mark=   0.02 ms
  S1   sweep=  236.52 ms swept=  6000000 freed=  6000000 segs= 1000000 ns/cell=  39.4 mark=   0.04 ms
  S2   sweep=   68.13 ms swept=  6009472 freed=  6009472 segs= 1004736 ns/cell=  11.3 mark=   0.02 ms
  S3b  sweep=  118.25 ms swept=  8250000 freed=  6000000 segs= 1000150 ns/cell=  14.3 mark= 121.92 ms
  S3   sweep=  153.18 ms swept=  8250000 freed=  6000000 segs= 1000150 ns/cell=  18.6 mark= 147.41 ms
  S4   sweep=   88.19 ms swept=  6000024 freed=  6000024 segs= 1000008 ns/cell=  14.7 mark=   0.01 ms
median ns per swept cell (3 reps): S0=9.6 S1=39.4 S2=11.3 S3b=14.6 S3=19.1 S4=14.7 S5=8.1
helpers K=2
sweep_contention_benchmark garbage=3000000 threads=6 reps=3 helpers=2
rep 0
  S5   sweep=   39.59 ms swept=  6000000 freed=  6000000 segs= 1000000 ns/cell=   6.6 mark=   0.02 ms
  S0   sweep=   47.33 ms swept=  6000000 freed=  6000000 segs= 1000000 ns/cell=   7.9 mark=   0.05 ms
  S1   sweep=  168.69 ms swept=  6000000 freed=  6000000 segs= 1000000 ns/cell=  28.1 mark=   0.04 ms
  S2   sweep=   56.65 ms swept=  6008064 freed=  6008064 segs= 1004032 ns/cell=   9.4 mark=   0.02 ms
  S3b  sweep=  110.29 ms swept=  8250000 freed=  6000000 segs= 1000150 ns/cell=  13.4 mark= 118.83 ms
  S3   sweep=  144.66 ms swept=  8250000 freed=  6000000 segs= 1000150 ns/cell=  17.5 mark= 148.98 ms
  S4   sweep=   73.62 ms swept=  6000026 freed=  6000024 segs= 1000007 ns/cell=  12.3 mark=   0.01 ms
rep 1
  S5   sweep=   40.26 ms swept=  6000000 freed=  6000000 segs= 1000000 ns/cell=   6.7 mark=   0.02 ms
  S0   sweep=   48.96 ms swept=  6000000 freed=  6000000 segs= 1000000 ns/cell=   8.2 mark=   0.01 ms
  S1   sweep=  145.68 ms swept=  6000000 freed=  6000000 segs= 1000000 ns/cell=  24.3 mark=   0.06 ms
  S2   sweep=   58.86 ms swept=  6043648 freed=  6043648 segs= 1021824 ns/cell=   9.7 mark=   0.01 ms
  S3b  sweep=  108.81 ms swept=  8250000 freed=  6000000 segs= 1000150 ns/cell=  13.2 mark= 176.39 ms
  S3   sweep=  135.12 ms swept=  8250000 freed=  6000000 segs= 1000150 ns/cell=  16.4 mark= 135.68 ms
  S4   sweep=   75.46 ms swept=  6000029 freed=  6000029 segs= 1000008 ns/cell=  12.6 mark=   0.02 ms
rep 2
  S5   sweep=   43.40 ms swept=  6000000 freed=  6000000 segs= 1000000 ns/cell=   7.2 mark=   0.01 ms
  S0   sweep=   49.36 ms swept=  6000000 freed=  6000000 segs= 1000000 ns/cell=   8.2 mark=   0.02 ms
  S1   sweep=  163.93 ms swept=  6000000 freed=  6000000 segs= 1000000 ns/cell=  27.3 mark=   0.04 ms
  S2   sweep=   58.02 ms swept=  6006912 freed=  6006912 segs= 1003456 ns/cell=   9.7 mark=   0.02 ms
  S3b  sweep=  105.92 ms swept=  8250000 freed=  6000000 segs= 1000150 ns/cell=  12.8 mark= 122.63 ms
  S3   sweep=  157.80 ms swept=  8250000 freed=  6000000 segs= 1000150 ns/cell=  19.1 mark= 143.04 ms
  S4   sweep=   75.91 ms swept=  6000027 freed=  6000027 segs= 1000007 ns/cell=  12.7 mark=   0.01 ms
median ns per swept cell (3 reps): S0=8.2 S1=27.3 S2=9.7 S3b=13.2 S3=17.5 S4=12.6 S5=6.7
helpers K=3
sweep_contention_benchmark garbage=3000000 threads=6 reps=3 helpers=3
rep 0
  S5   sweep=   35.11 ms swept=  6000000 freed=  6000000 segs= 1000000 ns/cell=   5.9 mark=   0.02 ms
  S0   sweep=   42.06 ms swept=  6000000 freed=  6000000 segs= 1000000 ns/cell=   7.0 mark=   0.01 ms
  S1   sweep=  195.56 ms swept=  6000000 freed=  6000000 segs= 1000000 ns/cell=  32.6 mark=   0.04 ms
  S2   sweep=   50.60 ms swept=  6004480 freed=  6004480 segs= 1002240 ns/cell=   8.4 mark=   0.02 ms
  S3b  sweep=  105.21 ms swept=  8250000 freed=  6000000 segs= 1000150 ns/cell=  12.8 mark= 120.64 ms
  S3   sweep=  144.79 ms swept=  8250000 freed=  6000000 segs= 1000150 ns/cell=  17.6 mark= 137.21 ms
  S4   sweep=   64.95 ms swept=  6000023 freed=  6000023 segs= 1000007 ns/cell=  10.8 mark=   0.02 ms
rep 1
  S5   sweep=   35.94 ms swept=  6000000 freed=  6000000 segs= 1000000 ns/cell=   6.0 mark=   0.02 ms
  S0   sweep=   41.03 ms swept=  6000000 freed=  6000000 segs= 1000000 ns/cell=   6.8 mark=   0.01 ms
  S1   sweep=  140.84 ms swept=  6000000 freed=  6000000 segs= 1000000 ns/cell=  23.5 mark=   0.98 ms
  S2   sweep=   54.54 ms swept=  6006272 freed=  6006272 segs= 1003136 ns/cell=   9.1 mark=   0.02 ms
  S3b  sweep=  100.32 ms swept=  8250000 freed=  6000000 segs= 1000150 ns/cell=  12.2 mark= 116.15 ms
  S3   sweep=  130.71 ms swept=  8250000 freed=  6000000 segs= 1000150 ns/cell=  15.8 mark= 135.55 ms
  S4   sweep=   62.10 ms swept=  6000026 freed=  6000024 segs= 1000007 ns/cell=  10.4 mark=   0.02 ms
rep 2
  S5   sweep=   34.40 ms swept=  6000000 freed=  6000000 segs= 1000000 ns/cell=   5.7 mark=   0.02 ms
  S0   sweep=   43.29 ms swept=  6000000 freed=  6000000 segs= 1000000 ns/cell=   7.2 mark=   0.02 ms
  S1   sweep=  140.42 ms swept=  6000000 freed=  6000000 segs= 1000000 ns/cell=  23.4 mark=   0.04 ms
  S2   sweep=   56.93 ms swept=  6035072 freed=  6035072 segs= 1017536 ns/cell=   9.4 mark=   0.02 ms
  S3b  sweep=  106.29 ms swept=  8250000 freed=  6000000 segs= 1000150 ns/cell=  12.9 mark= 116.27 ms
  S3   sweep=  127.42 ms swept=  8250000 freed=  6000000 segs= 1000150 ns/cell=  15.4 mark= 127.06 ms
  S4   sweep=   65.31 ms swept=  6000027 freed=  6000025 segs= 1000008 ns/cell=  10.9 mark=   0.02 ms
median ns per swept cell (3 reps): S0=7.0 S1=23.5 S2=9.1 S3b=12.8 S3=15.8 S4=10.8 S5=5.9
helpers K=5
sweep_contention_benchmark garbage=3000000 threads=6 reps=3 helpers=5
rep 0
  S5   sweep=   30.30 ms swept=  6000000 freed=  6000000 segs= 1000000 ns/cell=   5.0 mark=   0.05 ms
  S0   sweep=   37.87 ms swept=  6000000 freed=  6000000 segs= 1000000 ns/cell=   6.3 mark=   0.02 ms
  S1   sweep=  145.77 ms swept=  6000000 freed=  6000000 segs= 1000000 ns/cell=  24.3 mark=   0.05 ms
  S2   sweep=   57.33 ms swept=  6034432 freed=  6034432 segs= 1017216 ns/cell=   9.5 mark=   0.01 ms
  S3b  sweep=   88.96 ms swept=  8250000 freed=  6000000 segs= 1000150 ns/cell=  10.8 mark= 117.68 ms
  S3   sweep=  116.36 ms swept=  8250000 freed=  6000000 segs= 1000150 ns/cell=  14.1 mark= 147.69 ms
  S4   sweep=   58.17 ms swept=  6000026 freed=  6000026 segs= 1000008 ns/cell=   9.7 mark=   0.02 ms
rep 1
  S5   sweep=   29.57 ms swept=  6000000 freed=  6000000 segs= 1000000 ns/cell=   4.9 mark=   0.02 ms
  S0   sweep=   36.73 ms swept=  6000000 freed=  6000000 segs= 1000000 ns/cell=   6.1 mark=   0.02 ms
  S1   sweep=  153.07 ms swept=  6000000 freed=  6000000 segs= 1000000 ns/cell=  25.5 mark=   0.04 ms
  S2   sweep=   48.06 ms swept=  6007808 freed=  6007808 segs= 1003904 ns/cell=   8.0 mark=   0.01 ms
  S3b  sweep=   87.71 ms swept=  8250000 freed=  6000000 segs= 1000150 ns/cell=  10.6 mark= 110.74 ms
  S3   sweep=  121.69 ms swept=  8250000 freed=  6000000 segs= 1000150 ns/cell=  14.8 mark= 146.23 ms
  S4   sweep=   55.48 ms swept=  6000027 freed=  6000027 segs= 1000007 ns/cell=   9.2 mark=   0.01 ms
rep 2
  S5   sweep=   30.77 ms swept=  6000000 freed=  6000000 segs= 1000000 ns/cell=   5.1 mark=   0.03 ms
  S0   sweep=   36.81 ms swept=  6000000 freed=  6000000 segs= 1000000 ns/cell=   6.1 mark=   0.02 ms
  S1   sweep=  132.04 ms swept=  6000000 freed=  6000000 segs= 1000000 ns/cell=  22.0 mark=   0.04 ms
  S2   sweep=   57.74 ms swept=  6007040 freed=  6007040 segs= 1003520 ns/cell=   9.6 mark=   0.01 ms
  S3b  sweep=   86.10 ms swept=  8250000 freed=  6000000 segs= 1000150 ns/cell=  10.4 mark= 112.02 ms
  S3   sweep=  105.31 ms swept=  8250000 freed=  6000000 segs= 1000150 ns/cell=  12.8 mark= 122.38 ms
  S4   sweep=   52.81 ms swept=  6000025 freed=  6000025 segs= 1000007 ns/cell=   8.8 mark=   0.01 ms
median ns per swept cell (3 reps): S0=6.1 S1=24.3 S2=9.5 S3b=10.6 S3=14.1 S4=9.2 S5=5.0

verified=yes
