core/ahb-0k                  before-default   r0 ok=True wall=2.04 rss=644MB cyc=0/4 load=3.0
core/ahb-0k                  after-default    r0 ok=True wall=1.82 rss=644MB cyc=0/6 load=3.0
core/ahb-0k                  after-adaptive   r0 ok=True wall=1.12 rss=131MB cyc=35/0 load=3.0
core/ahb-0k                  before-adaptive  r0 ok=True wall=1.15 rss=115MB cyc=32/0 load=3.0
core/ahb-0k                  before-default   r1 ok=True wall=1.98 rss=644MB cyc=0/4 load=3.0
core/ahb-0k                  after-default    r1 ok=True wall=1.77 rss=645MB cyc=0/6 load=2.9
core/ahb-0k                  after-adaptive   r1 ok=True wall=1.17 rss=131MB cyc=37/0 load=2.9
core/ahb-0k                  before-adaptive  r1 ok=True wall=1.11 rss=115MB cyc=32/0 load=2.9
core/ahb-0k                  before-default   r2 ok=True wall=1.93 rss=645MB cyc=0/4 load=2.9
core/ahb-0k                  after-default    r2 ok=True wall=1.79 rss=645MB cyc=0/6 load=2.9
core/ahb-0k                  after-adaptive   r2 ok=True wall=1.1 rss=131MB cyc=36/0 load=3.0
core/ahb-0k                  before-adaptive  r2 ok=True wall=1.17 rss=115MB cyc=32/0 load=3.0
core/ahb-100k                before-default   r0 ok=True wall=2.21 rss=646MB cyc=0/5 load=3.0
core/ahb-100k                after-default    r0 ok=True wall=1.88 rss=646MB cyc=0/6 load=3.0
core/ahb-100k                after-adaptive   r0 ok=True wall=1.26 rss=140MB cyc=47/0 load=3.0
core/ahb-100k                before-adaptive  r0 ok=True wall=2.08 rss=151MB cyc=32/0 load=3.0
core/ahb-100k                before-default   r1 ok=True wall=2.29 rss=646MB cyc=0/5 load=3.1
core/ahb-100k                after-default    r1 ok=True wall=1.98 rss=646MB cyc=0/6 load=3.1
core/ahb-100k                after-adaptive   r1 ok=True wall=1.23 rss=140MB cyc=45/0 load=3.1
core/ahb-100k                before-adaptive  r1 ok=True wall=2.06 rss=151MB cyc=32/0 load=3.1
core/ahb-100k                before-default   r2 ok=True wall=2.16 rss=646MB cyc=0/5 load=3.1
core/ahb-100k                after-default    r2 ok=True wall=1.88 rss=646MB cyc=0/6 load=3.2
core/ahb-100k                after-adaptive   r2 ok=True wall=1.28 rss=140MB cyc=47/0 load=3.2
core/ahb-100k                before-adaptive  r2 ok=True wall=2.07 rss=151MB cyc=32/0 load=3.2
core/ahb-1000k               before-default   r0 ok=True wall=3.68 rss=671MB cyc=0/7 load=3.2
core/ahb-1000k               after-default    r0 ok=True wall=2.63 rss=664MB cyc=0/12 load=3.2
core/ahb-1000k               after-adaptive   r0 ok=True wall=2.44 rss=890MB cyc=14/0 load=3.1
core/ahb-1000k               before-adaptive  r0 ok=True wall=4.38 rss=575MB cyc=15/0 load=3.1
core/ahb-1000k               before-default   r1 ok=True wall=3.63 rss=671MB cyc=0/7 load=3.1
core/ahb-1000k               after-default    r1 ok=True wall=2.73 rss=664MB cyc=0/12 load=3.0
core/ahb-1000k               after-adaptive   r1 ok=True wall=2.38 rss=891MB cyc=14/0 load=3.1
core/ahb-1000k               before-adaptive  r1 ok=True wall=4.53 rss=544MB cyc=16/0 load=3.1
core/ahb-1000k               before-default   r2 ok=True wall=3.7 rss=669MB cyc=0/7 load=3.1
core/ahb-1000k               after-default    r2 ok=True wall=2.69 rss=664MB cyc=0/12 load=3.1
core/ahb-1000k               after-adaptive   r2 ok=True wall=2.48 rss=907MB cyc=15/0 load=3.1
core/ahb-1000k               before-adaptive  r2 ok=True wall=4.45 rss=544MB cyc=16/0 load=3.1
core/ahb-5000k               before-default   r0 ok=True wall=24.25 rss=742MB cyc=0/25 load=3.0
core/ahb-5000k               after-default    r0 ok=True wall=16.98 rss=743MB cyc=0/34 load=2.8
core/ahb-5000k               after-adaptive   r0 ok=True wall=7.13 rss=2826MB cyc=18/0 load=3.0
core/ahb-5000k               before-adaptive  r0 ok=True wall=11.04 rss=2619MB cyc=16/0 load=3.9
core/ahb-5000k               before-default   r1 ok=True wall=24.36 rss=742MB cyc=0/25 load=4.3
core/ahb-5000k               after-default    r1 ok=True wall=17.19 rss=743MB cyc=0/34 load=4.2
core/ahb-5000k               after-adaptive   r1 ok=True wall=6.8 rss=3164MB cyc=16/0 load=4.4
  waiting: busy=[] load=5.01
core/ahb-5000k               before-adaptive  r1 ok=True wall=10.97 rss=2613MB cyc=16/0 load=4.5
core/ahb-5000k               before-default   r2 ok=True wall=24.71 rss=742MB cyc=0/25 load=4.2
core/ahb-5000k               after-default    r2 ok=True wall=17.02 rss=743MB cyc=0/34 load=3.8
core/ahb-5000k               after-adaptive   r2 ok=True wall=7.09 rss=2794MB cyc=18/0 load=4.0
core/ahb-5000k               before-adaptive  r2 ok=True wall=11.32 rss=2559MB cyc=16/0 load=3.9
st/saturation_big            before-default   r0 ok=True wall=1.73 rss=670MB cyc=0/4 load=3.9
st/saturation_big            after-default    r0 ok=True wall=1.6 rss=666MB cyc=0/6 load=3.9
st/saturation_big            after-adaptive   r0 ok=True wall=1.95 rss=182MB cyc=46/0 load=3.7
st/saturation_big            before-adaptive  r0 ok=True wall=1.61 rss=194MB cyc=28/0 load=3.7
st/saturation_big            before-default   r1 ok=True wall=1.74 rss=666MB cyc=0/4 load=3.7
st/saturation_big            after-default    r1 ok=True wall=1.71 rss=671MB cyc=0/6 load=4.1
st/saturation_big            after-adaptive   r1 ok=True wall=1.86 rss=190MB cyc=39/0 load=4.1
st/saturation_big            before-adaptive  r1 ok=True wall=1.6 rss=193MB cyc=29/0 load=4.0
st/saturation_big            before-default   r2 ok=True wall=1.79 rss=662MB cyc=0/4 load=4.0
st/saturation_big            after-default    r2 ok=True wall=1.68 rss=669MB cyc=0/6 load=4.0
st/saturation_big            after-adaptive   r2 ok=True wall=1.64 rss=189MB cyc=36/0 load=4.1
st/saturation_big            before-adaptive  r2 ok=True wall=1.54 rss=193MB cyc=27/0 load=4.1
st/parallel_speedup          before-default   r0 ok=True wall=0.43 rss=608MB cyc=0/0 load=4.1
st/parallel_speedup          after-default    r0 ok=True wall=0.42 rss=604MB cyc=0/0 load=4.1
st/parallel_speedup          after-adaptive   r0 ok=True wall=0.4 rss=180MB cyc=7/0 load=4.1
st/parallel_speedup          before-adaptive  r0 ok=True wall=0.36 rss=173MB cyc=5/0 load=4.1
st/parallel_speedup          before-default   r1 ok=True wall=0.42 rss=608MB cyc=0/0 load=4.1
st/parallel_speedup          after-default    r1 ok=True wall=0.41 rss=604MB cyc=0/0 load=4.1
st/parallel_speedup          after-adaptive   r1 ok=True wall=0.44 rss=185MB cyc=7/0 load=4.1
st/parallel_speedup          before-adaptive  r1 ok=True wall=0.35 rss=172MB cyc=5/0 load=4.1
st/parallel_speedup          before-default   r2 ok=True wall=0.41 rss=608MB cyc=0/0 load=4.1
st/parallel_speedup          after-default    r2 ok=True wall=0.42 rss=604MB cyc=0/0 load=4.1
st/parallel_speedup          after-adaptive   r2 ok=True wall=0.42 rss=185MB cyc=7/0 load=4.1
st/parallel_speedup          before-adaptive  r2 ok=True wall=0.33 rss=168MB cyc=5/0 load=4.1
st/list_append               before-default   r0 ok=True wall=0.07 rss=72MB cyc=0/0 load=4.1
st/list_append               after-default    r0 ok=True wall=0.06 rss=48MB cyc=0/0 load=4.1
st/list_append               after-adaptive   r0 ok=True wall=0.06 rss=48MB cyc=0/0 load=4.1
st/list_append               before-adaptive  r0 ok=True wall=0.07 rss=60MB cyc=0/0 load=4.1
st/list_append               before-default   r1 ok=True wall=0.06 rss=60MB cyc=0/0 load=4.1
st/list_append               after-default    r1 ok=True wall=0.06 rss=48MB cyc=0/0 load=4.1
st/list_append               after-adaptive   r1 ok=True wall=0.06 rss=48MB cyc=0/0 load=4.1
st/list_append               before-adaptive  r1 ok=True wall=0.06 rss=60MB cyc=0/0 load=4.1
st/list_append               before-default   r2 ok=True wall=0.07 rss=60MB cyc=0/0 load=4.1
st/list_append               after-default    r2 ok=True wall=0.06 rss=48MB cyc=0/0 load=4.1
st/list_append               after-adaptive   r2 ok=True wall=0.05 rss=48MB cyc=0/0 load=4.1
st/list_append               before-adaptive  r2 ok=True wall=0.06 rss=60MB cyc=0/0 load=4.1
st/str_concat                before-default   r0 ok=True wall=0.03 rss=32MB cyc=0/0 load=4.1
st/str_concat                after-default    r0 ok=True wall=0.04 rss=32MB cyc=0/0 load=4.1
st/str_concat                after-adaptive   r0 ok=True wall=0.04 rss=32MB cyc=0/0 load=4.1
st/str_concat                before-adaptive  r0 ok=True wall=0.04 rss=32MB cyc=0/0 load=4.1
st/str_concat                before-default   r1 ok=True wall=0.04 rss=32MB cyc=0/0 load=4.1
st/str_concat                after-default    r1 ok=True wall=0.04 rss=32MB cyc=0/0 load=4.1
st/str_concat                after-adaptive   r1 ok=True wall=0.04 rss=32MB cyc=0/0 load=4.1
st/str_concat                before-adaptive  r1 ok=True wall=0.04 rss=32MB cyc=0/0 load=4.1
st/str_concat                before-default   r2 ok=True wall=0.03 rss=32MB cyc=0/0 load=4.1
st/str_concat                after-default    r2 ok=True wall=0.03 rss=32MB cyc=0/0 load=4.1
st/str_concat                after-adaptive   r2 ok=True wall=0.04 rss=32MB cyc=0/0 load=4.1
st/str_concat                before-adaptive  r2 ok=True wall=0.03 rss=32MB cyc=0/0 load=4.1
st/fib                       before-default   r0 ok=True wall=0.46 rss=300MB cyc=0/0 load=4.1
st/fib                       after-default    r0 ok=True wall=0.46 rss=288MB cyc=0/0 load=4.1
st/fib                       after-adaptive   r0 ok=True wall=1.61 rss=564MB cyc=3/0 load=4.1
st/fib                       before-adaptive  r0 ok=True wall=0.82 rss=329MB cyc=1/0 load=4.0
st/fib                       before-default   r1 ok=True wall=0.47 rss=300MB cyc=0/0 load=4.0
st/fib                       after-default    r1 ok=True wall=0.47 rss=288MB cyc=0/0 load=4.0
st/fib                       after-adaptive   r1 ok=True wall=1.59 rss=564MB cyc=3/0 load=4.0
st/fib                       before-adaptive  r1 ok=True wall=0.76 rss=329MB cyc=1/0 load=3.9
st/fib                       before-default   r2 ok=True wall=0.52 rss=300MB cyc=0/0 load=3.9
st/fib                       after-default    r2 ok=True wall=0.49 rss=288MB cyc=0/0 load=3.9
st/fib                       after-adaptive   r2 ok=True wall=1.68 rss=564MB cyc=3/0 load=3.9
st/fib                       before-adaptive  r2 ok=True wall=0.75 rss=341MB cyc=1/0 load=3.9
st/message_throughput        before-default   r0 ok=True wall=0.1 rss=80MB cyc=0/0 load=3.9
st/message_throughput        after-default    r0 ok=True wall=0.09 rss=80MB cyc=0/0 load=3.9
st/message_throughput        after-adaptive   r0 ok=True wall=0.09 rss=80MB cyc=0/0 load=3.9
st/message_throughput        before-adaptive  r0 ok=True wall=0.1 rss=80MB cyc=0/0 load=3.9
st/message_throughput        before-default   r1 ok=True wall=0.1 rss=80MB cyc=0/0 load=3.9
st/message_throughput        after-default    r1 ok=True wall=0.09 rss=80MB cyc=0/0 load=3.9
st/message_throughput        after-adaptive   r1 ok=True wall=0.09 rss=76MB cyc=0/0 load=3.9
st/message_throughput        before-adaptive  r1 ok=True wall=0.11 rss=80MB cyc=0/0 load=3.9
st/message_throughput        before-default   r2 ok=True wall=0.12 rss=76MB cyc=0/0 load=3.9
st/message_throughput        after-default    r2 ok=True wall=0.1 rss=76MB cyc=0/0 load=3.9
st/message_throughput        after-adaptive   r2 ok=True wall=0.09 rss=76MB cyc=0/0 load=3.9
st/message_throughput        before-adaptive  r2 ok=True wall=0.09 rss=76MB cyc=0/0 load=3.9
py/int_sum_loop              before-default   r0 ok=True wall=0.21 rss=57MB cyc=0/0 load=3.9
py/int_sum_loop              after-default    r0 ok=True wall=0.2 rss=57MB cyc=0/0 load=3.9
py/int_sum_loop              after-adaptive   r0 ok=True wall=0.19 rss=57MB cyc=0/0 load=3.9
py/int_sum_loop              before-adaptive  r0 ok=True wall=0.21 rss=57MB cyc=0/0 load=3.9
py/int_sum_loop              before-default   r1 ok=True wall=0.21 rss=57MB cyc=0/0 load=3.9
py/int_sum_loop              after-default    r1 ok=True wall=0.19 rss=57MB cyc=0/0 load=3.9
py/int_sum_loop              after-adaptive   r1 ok=True wall=0.2 rss=57MB cyc=0/0 load=3.9
py/int_sum_loop              before-adaptive  r1 ok=True wall=0.21 rss=57MB cyc=0/0 load=3.9
py/int_sum_loop              before-default   r2 ok=True wall=0.21 rss=57MB cyc=0/0 load=3.9
py/int_sum_loop              after-default    r2 ok=True wall=0.19 rss=57MB cyc=0/0 load=3.7
py/int_sum_loop              after-adaptive   r2 ok=True wall=0.19 rss=57MB cyc=0/0 load=3.7
py/int_sum_loop              before-adaptive  r2 ok=True wall=0.21 rss=57MB cyc=0/0 load=3.7
py/list_append_loop          before-default   r0 ok=True wall=0.56 rss=393MB cyc=0/0 load=3.7
py/list_append_loop          after-default    r0 ok=True wall=0.55 rss=393MB cyc=0/0 load=3.7
py/list_append_loop          after-adaptive   r0 ok=True wall=0.41 rss=147MB cyc=4/0 load=3.7
py/list_append_loop          before-adaptive  r0 ok=True wall=0.51 rss=146MB cyc=4/0 load=3.7
py/list_append_loop          before-default   r1 ok=True wall=0.55 rss=393MB cyc=0/0 load=3.7
py/list_append_loop          after-default    r1 ok=True wall=0.57 rss=393MB cyc=0/0 load=3.7
py/list_append_loop          after-adaptive   r1 ok=True wall=0.45 rss=146MB cyc=5/0 load=3.7
py/list_append_loop          before-adaptive  r1 ok=True wall=0.51 rss=146MB cyc=4/0 load=3.7
py/list_append_loop          before-default   r2 ok=True wall=0.55 rss=392MB cyc=0/0 load=3.7
py/list_append_loop          after-default    r2 ok=True wall=0.55 rss=393MB cyc=0/0 load=3.7
py/list_append_loop          after-adaptive   r2 ok=True wall=0.41 rss=146MB cyc=4/0 load=3.7
py/list_append_loop          before-adaptive  r2 ok=True wall=0.51 rss=146MB cyc=4/0 load=3.7
py/str_concat_loop           before-default   r0 ok=True wall=0.22 rss=105MB cyc=0/0 load=3.7
py/str_concat_loop           after-default    r0 ok=True wall=0.22 rss=104MB cyc=0/0 load=3.7
py/str_concat_loop           after-adaptive   r0 ok=True wall=0.21 rss=105MB cyc=0/0 load=3.7
py/str_concat_loop           before-adaptive  r0 ok=True wall=0.24 rss=104MB cyc=0/0 load=3.7
py/str_concat_loop           before-default   r1 ok=True wall=0.21 rss=105MB cyc=0/0 load=3.7
py/str_concat_loop           after-default    r1 ok=True wall=0.2 rss=105MB cyc=0/0 load=3.7
py/str_concat_loop           after-adaptive   r1 ok=True wall=0.22 rss=105MB cyc=0/0 load=3.6
py/str_concat_loop           before-adaptive  r1 ok=True wall=0.21 rss=105MB cyc=0/0 load=3.6
py/str_concat_loop           before-default   r2 ok=True wall=0.2 rss=105MB cyc=0/0 load=3.6
py/str_concat_loop           after-default    r2 ok=True wall=0.22 rss=105MB cyc=0/0 load=3.6
py/str_concat_loop           after-adaptive   r2 ok=True wall=0.21 rss=105MB cyc=0/0 load=3.6
py/str_concat_loop           before-adaptive  r2 ok=True wall=0.21 rss=105MB cyc=0/0 load=3.6
py/range_iterate             before-default   r0 ok=True wall=0.23 rss=57MB cyc=0/0 load=3.6
py/range_iterate             after-default    r0 ok=True wall=0.2 rss=57MB cyc=0/0 load=3.6
py/range_iterate             after-adaptive   r0 ok=True wall=0.2 rss=57MB cyc=0/0 load=3.6
py/range_iterate             before-adaptive  r0 ok=True wall=0.24 rss=57MB cyc=0/0 load=3.6
py/range_iterate             before-default   r1 ok=True wall=0.22 rss=57MB cyc=0/0 load=3.6
py/range_iterate             after-default    r1 ok=True wall=0.2 rss=57MB cyc=0/0 load=3.6
py/range_iterate             after-adaptive   r1 ok=True wall=0.21 rss=57MB cyc=0/0 load=3.6
py/range_iterate             before-adaptive  r1 ok=True wall=0.22 rss=57MB cyc=0/0 load=3.6
py/range_iterate             before-default   r2 ok=True wall=0.22 rss=56MB cyc=0/0 load=3.6
py/range_iterate             after-default    r2 ok=True wall=0.2 rss=57MB cyc=0/0 load=3.6
py/range_iterate             after-adaptive   r2 ok=True wall=0.2 rss=57MB cyc=0/0 load=3.6
py/range_iterate             before-adaptive  r2 ok=True wall=0.21 rss=57MB cyc=0/0 load=3.6
py/multithread_cpu           before-default   r0 ok=True wall=0.14 rss=55MB cyc=0/0 load=3.6
py/multithread_cpu           after-default    r0 ok=True wall=0.12 rss=47MB cyc=0/0 load=3.6
py/multithread_cpu           after-adaptive   r0 ok=True wall=0.12 rss=47MB cyc=0/0 load=3.6
py/multithread_cpu           before-adaptive  r0 ok=True wall=0.12 rss=47MB cyc=0/0 load=3.6
py/multithread_cpu           before-default   r1 ok=True wall=0.17 rss=51MB cyc=0/0 load=3.6
py/multithread_cpu           after-default    r1 ok=True wall=0.13 rss=51MB cyc=0/0 load=3.6
py/multithread_cpu           after-adaptive   r1 ok=True wall=0.11 rss=39MB cyc=0/0 load=3.6
py/multithread_cpu           before-adaptive  r1 ok=True wall=0.14 rss=51MB cyc=0/0 load=3.6
py/multithread_cpu           before-default   r2 ok=True wall=0.17 rss=51MB cyc=0/0 load=3.6
py/multithread_cpu           after-default    r2 ok=True wall=0.15 rss=47MB cyc=0/0 load=3.6
py/multithread_cpu           after-adaptive   r2 ok=True wall=0.13 rss=43MB cyc=0/0 load=3.6
py/multithread_cpu           before-adaptive  r2 ok=True wall=0.17 rss=50MB cyc=0/0 load=3.6
py/attr_lookup               before-default   r0 ok=True wall=2.3 rss=57MB cyc=0/0 load=3.6
py/attr_lookup               after-default    r0 ok=True wall=2.55 rss=57MB cyc=0/0 load=3.5
py/attr_lookup               after-adaptive   r0 ok=True wall=2.35 rss=57MB cyc=0/0 load=3.5
py/attr_lookup               before-adaptive  r0 ok=True wall=2.34 rss=57MB cyc=0/0 load=3.5
py/attr_lookup               before-default   r1 ok=True wall=2.3 rss=57MB cyc=0/0 load=3.5
py/attr_lookup               after-default    r1 ok=True wall=2.4 rss=57MB cyc=0/0 load=3.3
py/attr_lookup               after-adaptive   r1 ok=True wall=2.31 rss=57MB cyc=0/0 load=3.3
py/attr_lookup               before-adaptive  r1 ok=True wall=2.29 rss=57MB cyc=0/0 load=3.3
py/attr_lookup               before-default   r2 ok=True wall=2.28 rss=57MB cyc=0/0 load=3.3
py/attr_lookup               after-default    r2 ok=True wall=2.4 rss=57MB cyc=0/0 load=3.4
py/attr_lookup               after-adaptive   r2 ok=True wall=2.29 rss=57MB cyc=0/0 load=3.4
py/attr_lookup               before-adaptive  r2 ok=True wall=2.31 rss=57MB cyc=0/0 load=3.3
py/call_recursion            before-default   r0 ok=True wall=0.31 rss=57MB cyc=0/0 load=3.3
py/call_recursion            after-default    r0 ok=True wall=0.3 rss=57MB cyc=0/0 load=3.3
py/call_recursion            after-adaptive   r0 ok=True wall=0.31 rss=57MB cyc=0/0 load=3.3
py/call_recursion            before-adaptive  r0 ok=True wall=0.3 rss=57MB cyc=0/0 load=3.3
py/call_recursion            before-default   r1 ok=True wall=0.31 rss=57MB cyc=0/0 load=3.3
py/call_recursion            after-default    r1 ok=True wall=0.29 rss=57MB cyc=0/0 load=3.2
py/call_recursion            after-adaptive   r1 ok=True wall=0.29 rss=57MB cyc=0/0 load=3.2
py/call_recursion            before-adaptive  r1 ok=True wall=0.31 rss=57MB cyc=0/0 load=3.2
py/call_recursion            before-default   r2 ok=True wall=0.32 rss=57MB cyc=0/0 load=3.2
py/call_recursion            after-default    r2 ok=True wall=0.3 rss=57MB cyc=0/0 load=3.2
py/call_recursion            after-adaptive   r2 ok=True wall=0.3 rss=57MB cyc=0/0 load=3.2
py/call_recursion            before-adaptive  r2 ok=True wall=0.32 rss=57MB cyc=0/0 load=3.2
py/fib                       before-default   r0 ok=True wall=3.07 rss=22MB cyc=0/0 load=3.2
py/fib                       after-default    r0 ok=True wall=2.88 rss=22MB cyc=0/0 load=3.1
py/fib                       after-adaptive   r0 ok=True wall=2.74 rss=22MB cyc=0/0 load=3.1
py/fib                       before-adaptive  r0 ok=True wall=3.12 rss=22MB cyc=0/0 load=3.1
py/fib                       before-default   r1 ok=True wall=3.06 rss=22MB cyc=0/0 load=3.1
py/fib                       after-default    r1 ok=True wall=2.76 rss=22MB cyc=0/0 load=3.1
py/fib                       after-adaptive   r1 ok=True wall=2.81 rss=22MB cyc=0/0 load=3.0
py/fib                       before-adaptive  r1 ok=True wall=3.1 rss=22MB cyc=0/0 load=3.0
py/fib                       before-default   r2 ok=True wall=3.09 rss=22MB cyc=0/0 load=3.7
py/fib                       after-default    r2 ok=True wall=2.85 rss=22MB cyc=0/0 load=3.6
py/fib                       after-adaptive   r2 ok=True wall=2.89 rss=22MB cyc=0/0 load=3.6
py/fib                       before-adaptive  r2 ok=True wall=3.05 rss=22MB cyc=0/0 load=3.6
py/binary_trees              before-default   r0 ok=True wall=4.08 rss=1852MB cyc=0/0 load=3.6
py/binary_trees              after-default    r0 ok=True wall=3.68 rss=1644MB cyc=0/0 load=3.4
py/binary_trees              after-adaptive   r0 ok=True wall=3.95 rss=301MB cyc=19/0 load=3.4
py/binary_trees              before-adaptive  r0 ok=True wall=4.07 rss=733MB cyc=9/0 load=3.4
py/binary_trees              before-default   r1 ok=True wall=4.13 rss=1852MB cyc=0/0 load=3.4
py/binary_trees              after-default    r1 ok=True wall=3.69 rss=1644MB cyc=0/0 load=3.5
py/binary_trees              after-adaptive   r1 ok=True wall=3.5 rss=1000MB cyc=7/0 load=3.5
py/binary_trees              before-adaptive  r1 ok=True wall=4.14 rss=733MB cyc=9/0 load=3.4
py/binary_trees              before-default   r2 ok=True wall=4.09 rss=1852MB cyc=0/0 load=3.4
py/binary_trees              after-default    r2 ok=True wall=3.67 rss=1644MB cyc=0/0 load=3.3
py/binary_trees              after-adaptive   r2 ok=True wall=3.61 rss=1324MB cyc=6/0 load=3.3
py/binary_trees              before-adaptive  r2 ok=True wall=4.14 rss=734MB cyc=9/0 load=3.3
py/nqueens                   before-default   r0 ok=True wall=0.66 rss=39MB cyc=0/0 load=3.2
py/nqueens                   after-default    r0 ok=True wall=0.54 rss=39MB cyc=0/0 load=3.2
py/nqueens                   after-adaptive   r0 ok=True wall=0.55 rss=39MB cyc=0/0 load=3.2
py/nqueens                   before-adaptive  r0 ok=True wall=0.59 rss=39MB cyc=0/0 load=3.2
py/nqueens                   before-default   r1 ok=True wall=0.59 rss=39MB cyc=0/0 load=3.1
py/nqueens                   after-default    r1 ok=True wall=0.55 rss=39MB cyc=0/0 load=3.1
py/nqueens                   after-adaptive   r1 ok=True wall=0.51 rss=39MB cyc=0/0 load=3.1
py/nqueens                   before-adaptive  r1 ok=True wall=0.59 rss=39MB cyc=0/0 load=3.1
py/nqueens                   before-default   r2 ok=True wall=0.76 rss=39MB cyc=0/0 load=3.1
py/nqueens                   after-default    r2 ok=True wall=0.54 rss=39MB cyc=0/0 load=3.1
py/nqueens                   after-adaptive   r2 ok=True wall=0.54 rss=39MB cyc=0/0 load=3.1
py/nqueens                   before-adaptive  r2 ok=True wall=0.58 rss=39MB cyc=0/0 load=3.0
py/richards_lite             before-default   r0 ok=True wall=0.05 rss=23MB cyc=0/0 load=3.0
py/richards_lite             after-default    r0 ok=True wall=0.04 rss=22MB cyc=0/0 load=3.0
py/richards_lite             after-adaptive   r0 ok=True wall=0.04 rss=22MB cyc=0/0 load=3.0
py/richards_lite             before-adaptive  r0 ok=True wall=0.05 rss=23MB cyc=0/0 load=3.0
py/richards_lite             before-default   r1 ok=True wall=0.05 rss=23MB cyc=0/0 load=3.0
py/richards_lite             after-default    r1 ok=True wall=0.04 rss=22MB cyc=0/0 load=3.0
py/richards_lite             after-adaptive   r1 ok=True wall=0.04 rss=22MB cyc=0/0 load=3.0
py/richards_lite             before-adaptive  r1 ok=True wall=0.05 rss=23MB cyc=0/0 load=3.0
py/richards_lite             before-default   r2 ok=True wall=0.05 rss=23MB cyc=0/0 load=3.0
py/richards_lite             after-default    r2 ok=True wall=0.04 rss=22MB cyc=0/0 load=3.0
py/richards_lite             after-adaptive   r2 ok=True wall=0.04 rss=22MB cyc=0/0 load=3.0
py/richards_lite             before-adaptive  r2 ok=True wall=0.05 rss=23MB cyc=0/0 load=3.0
py/sieve                     before-default   r0 ok=True wall=1.33 rss=950MB cyc=0/0 load=3.0
py/sieve                     after-default    r0 ok=True wall=1.31 rss=950MB cyc=0/0 load=3.0
py/sieve                     after-adaptive   r0 ok=True wall=1.03 rss=260MB cyc=9/0 load=3.0
py/sieve                     before-adaptive  r0 ok=True wall=1.09 rss=230MB cyc=9/0 load=3.0
py/sieve                     before-default   r1 ok=True wall=1.29 rss=950MB cyc=0/0 load=3.0
py/sieve                     after-default    r1 ok=True wall=1.29 rss=950MB cyc=0/0 load=3.0
py/sieve                     after-adaptive   r1 ok=True wall=1.02 rss=245MB cyc=10/0 load=2.9
py/sieve                     before-adaptive  r1 ok=True wall=1.09 rss=230MB cyc=9/0 load=2.9
py/sieve                     before-default   r2 ok=True wall=1.3 rss=950MB cyc=0/0 load=2.9
py/sieve                     after-default    r2 ok=True wall=1.36 rss=950MB cyc=0/0 load=2.9
py/sieve                     after-adaptive   r2 ok=True wall=1.01 rss=260MB cyc=10/0 load=3.0
py/sieve                     before-adaptive  r2 ok=True wall=1.09 rss=230MB cyc=9/0 load=3.0
clj/fib                      before-default   r0 ok=True wall=0.61 rss=21MB cyc=0/0 load=3.0
clj/fib                      after-default    r0 ok=True wall=0.6 rss=21MB cyc=0/0 load=3.0
clj/fib                      after-adaptive   r0 ok=True wall=0.6 rss=22MB cyc=0/0 load=3.0
clj/fib                      before-adaptive  r0 ok=True wall=0.62 rss=21MB cyc=0/0 load=2.9
clj/fib                      before-default   r1 ok=True wall=0.61 rss=21MB cyc=0/0 load=2.9
clj/fib                      after-default    r1 ok=True wall=0.59 rss=22MB cyc=0/0 load=2.9
clj/fib                      after-adaptive   r1 ok=True wall=0.59 rss=22MB cyc=0/0 load=2.9
clj/fib                      before-adaptive  r1 ok=True wall=0.59 rss=21MB cyc=0/0 load=2.9
clj/fib                      before-default   r2 ok=True wall=0.61 rss=21MB cyc=0/0 load=2.9
clj/fib                      after-default    r2 ok=True wall=0.61 rss=21MB cyc=0/0 load=2.9
clj/fib                      after-adaptive   r2 ok=True wall=0.6 rss=22MB cyc=0/0 load=3.0
clj/fib                      before-adaptive  r2 ok=True wall=0.58 rss=21MB cyc=0/0 load=3.0
clj/tak                      before-default   r0 ok=True wall=0.04 rss=23MB cyc=0/0 load=3.0
clj/tak                      after-default    r0 ok=True wall=0.05 rss=23MB cyc=0/0 load=3.0
clj/tak                      after-adaptive   r0 ok=True wall=0.04 rss=23MB cyc=0/0 load=3.0
clj/tak                      before-adaptive  r0 ok=True wall=0.05 rss=23MB cyc=0/0 load=3.0
clj/tak                      before-default   r1 ok=True wall=0.05 rss=23MB cyc=0/0 load=3.0
clj/tak                      after-default    r1 ok=True wall=0.04 rss=23MB cyc=0/0 load=3.0
clj/tak                      after-adaptive   r1 ok=True wall=0.05 rss=23MB cyc=0/0 load=3.0
clj/tak                      before-adaptive  r1 ok=True wall=0.05 rss=23MB cyc=0/0 load=3.0
clj/tak                      before-default   r2 ok=True wall=0.04 rss=23MB cyc=0/0 load=3.0
clj/tak                      after-default    r2 ok=True wall=0.04 rss=23MB cyc=0/0 load=3.0
clj/tak                      after-adaptive   r2 ok=True wall=0.05 rss=23MB cyc=0/0 load=3.0
clj/tak                      before-adaptive  r2 ok=True wall=0.04 rss=23MB cyc=0/0 load=3.0
clj/sum-loop                 before-default   r0 ok=True wall=0.07 rss=21MB cyc=0/0 load=3.0
clj/sum-loop                 after-default    r0 ok=True wall=0.07 rss=21MB cyc=0/0 load=3.0
clj/sum-loop                 after-adaptive   r0 ok=True wall=0.07 rss=21MB cyc=0/0 load=3.0
clj/sum-loop                 before-adaptive  r0 ok=True wall=0.07 rss=21MB cyc=0/0 load=3.0
clj/sum-loop                 before-default   r1 ok=True wall=0.07 rss=21MB cyc=0/0 load=3.0
clj/sum-loop                 after-default    r1 ok=True wall=0.07 rss=22MB cyc=0/0 load=3.0
clj/sum-loop                 after-adaptive   r1 ok=True wall=0.07 rss=21MB cyc=0/0 load=3.0
clj/sum-loop                 before-adaptive  r1 ok=True wall=0.07 rss=21MB cyc=0/0 load=3.0
clj/sum-loop                 before-default   r2 ok=True wall=0.07 rss=21MB cyc=0/0 load=3.0
clj/sum-loop                 after-default    r2 ok=True wall=0.07 rss=21MB cyc=0/0 load=3.0
clj/sum-loop                 after-adaptive   r2 ok=True wall=0.07 rss=21MB cyc=0/0 load=3.0
clj/sum-loop                 before-adaptive  r2 ok=True wall=0.08 rss=21MB cyc=0/0 load=3.0
clj/reduce-list              before-default   r0 ok=True wall=0.02 rss=22MB cyc=0/0 load=3.0
clj/reduce-list              after-default    r0 ok=True wall=0.02 rss=22MB cyc=0/0 load=3.0
clj/reduce-list              after-adaptive   r0 ok=True wall=0.02 rss=22MB cyc=0/0 load=3.0
clj/reduce-list              before-adaptive  r0 ok=True wall=0.02 rss=22MB cyc=0/0 load=3.0
clj/reduce-list              before-default   r1 ok=True wall=0.02 rss=22MB cyc=0/0 load=3.0
clj/reduce-list              after-default    r1 ok=True wall=0.02 rss=22MB cyc=0/0 load=3.0
clj/reduce-list              after-adaptive   r1 ok=True wall=0.03 rss=22MB cyc=0/0 load=3.0
clj/reduce-list              before-adaptive  r1 ok=True wall=0.02 rss=22MB cyc=0/0 load=3.0
clj/reduce-list              before-default   r2 ok=True wall=0.02 rss=22MB cyc=0/0 load=3.0
clj/reduce-list              after-default    r2 ok=True wall=0.02 rss=22MB cyc=0/0 load=3.0
clj/reduce-list              after-adaptive   r2 ok=True wall=0.02 rss=22MB cyc=0/0 load=3.0
clj/reduce-list              before-adaptive  r2 ok=True wall=0.02 rss=22MB cyc=0/0 load=3.0
clj/sum-squares              before-default   r0 ok=True wall=0.02 rss=21MB cyc=0/0 load=3.0
clj/sum-squares              after-default    r0 ok=True wall=0.01 rss=21MB cyc=0/0 load=3.0
clj/sum-squares              after-adaptive   r0 ok=True wall=0.01 rss=22MB cyc=0/0 load=3.0
clj/sum-squares              before-adaptive  r0 ok=True wall=0.01 rss=22MB cyc=0/0 load=3.0
clj/sum-squares              before-default   r1 ok=True wall=0.02 rss=21MB cyc=0/0 load=3.0
clj/sum-squares              after-default    r1 ok=True wall=0.01 rss=21MB cyc=0/0 load=3.0
clj/sum-squares              after-adaptive   r1 ok=True wall=0.02 rss=22MB cyc=0/0 load=3.0
clj/sum-squares              before-adaptive  r1 ok=True wall=0.02 rss=22MB cyc=0/0 load=3.0
clj/sum-squares              before-default   r2 ok=True wall=0.02 rss=21MB cyc=0/0 load=3.0
clj/sum-squares              after-default    r2 ok=True wall=0.01 rss=21MB cyc=0/0 load=3.0
clj/sum-squares              after-adaptive   r2 ok=True wall=0.02 rss=21MB cyc=0/0 load=3.0
clj/sum-squares              before-adaptive  r2 ok=True wall=0.01 rss=21MB cyc=0/0 load=3.0
clj/actor-saturation-32      before-default   r0 ok=True wall=2.39 rss=22MB cyc=0/0 load=3.0
clj/actor-saturation-32      after-default    r0 ok=True wall=2.35 rss=23MB cyc=0/0 load=3.2
clj/actor-saturation-32      after-adaptive   r0 ok=True wall=2.36 rss=22MB cyc=0/0 load=3.2
clj/actor-saturation-32      before-adaptive  r0 ok=True wall=2.32 rss=22MB cyc=0/0 load=3.5
clj/actor-saturation-32      before-default   r1 ok=True wall=2.4 rss=22MB cyc=0/0 load=3.5
clj/actor-saturation-32      after-default    r1 ok=True wall=2.42 rss=23MB cyc=0/0 load=3.7
clj/actor-saturation-32      after-adaptive   r1 ok=True wall=2.33 rss=22MB cyc=0/0 load=3.7
clj/actor-saturation-32      before-adaptive  r1 ok=True wall=2.43 rss=22MB cyc=0/0 load=3.8
clj/actor-saturation-32      before-default   r2 ok=True wall=2.38 rss=22MB cyc=0/0 load=3.8
clj/actor-saturation-32      after-default    r2 ok=True wall=2.43 rss=22MB cyc=0/0 load=4.0
clj/actor-saturation-32      after-adaptive   r2 ok=True wall=2.65 rss=22MB cyc=0/0 load=4.0
clj/actor-saturation-32      before-adaptive  r2 ok=True wall=2.41 rss=22MB cyc=0/0 load=4.2
scala/fib30                  before-default   r0 ok=True wall=0.49 rss=27MB cyc=0/0 load=4.2
scala/fib30                  after-default    r0 ok=True wall=0.47 rss=27MB cyc=0/0 load=4.2
scala/fib30                  after-adaptive   r0 ok=True wall=0.46 rss=27MB cyc=0/0 load=4.2
scala/fib30                  before-adaptive  r0 ok=True wall=0.45 rss=27MB cyc=0/0 load=4.2
scala/fib30                  before-default   r1 ok=True wall=0.47 rss=27MB cyc=0/0 load=4.1
scala/fib30                  after-default    r1 ok=True wall=0.45 rss=27MB cyc=0/0 load=4.1
scala/fib30                  after-adaptive   r1 ok=True wall=0.45 rss=27MB cyc=0/0 load=4.1
scala/fib30                  before-adaptive  r1 ok=True wall=0.46 rss=27MB cyc=0/0 load=4.1
scala/fib30                  before-default   r2 ok=True wall=0.46 rss=27MB cyc=0/0 load=4.1
scala/fib30                  after-default    r2 ok=True wall=0.44 rss=27MB cyc=0/0 load=4.1
scala/fib30                  after-adaptive   r2 ok=True wall=0.47 rss=27MB cyc=0/0 load=4.1
scala/fib30                  before-adaptive  r2 ok=True wall=0.44 rss=27MB cyc=0/0 load=4.1
scala/list_ops               before-default   r0 ok=True wall=0.51 rss=320MB cyc=0/0 load=4.1
scala/list_ops               after-default    r0 ok=True wall=0.51 rss=320MB cyc=0/0 load=3.9
scala/list_ops               after-adaptive   r0 ok=True wall=0.56 rss=204MB cyc=3/0 load=3.9
scala/list_ops               before-adaptive  r0 ok=True wall=0.58 rss=235MB cyc=2/0 load=3.9
scala/list_ops               before-default   r1 ok=True wall=0.5 rss=320MB cyc=0/0 load=3.9
scala/list_ops               after-default    r1 ok=True wall=0.52 rss=320MB cyc=0/0 load=3.9
scala/list_ops               after-adaptive   r1 ok=True wall=0.57 rss=204MB cyc=3/0 load=3.9
scala/list_ops               before-adaptive  r1 ok=True wall=0.58 rss=235MB cyc=2/0 load=3.9
scala/list_ops               before-default   r2 ok=True wall=0.51 rss=320MB cyc=0/0 load=3.9
scala/list_ops               after-default    r2 ok=True wall=0.51 rss=320MB cyc=0/0 load=3.9
scala/list_ops               after-adaptive   r2 ok=True wall=0.57 rss=205MB cyc=3/0 load=3.9
scala/list_ops               before-adaptive  r2 ok=True wall=0.56 rss=235MB cyc=2/0 load=3.9
scala/map_build              before-default   r0 ok=True wall=0.37 rss=184MB cyc=0/0 load=3.9
scala/map_build              after-default    r0 ok=True wall=0.36 rss=184MB cyc=0/0 load=3.9
scala/map_build              after-adaptive   r0 ok=True wall=0.34 rss=150MB cyc=1/0 load=3.9
scala/map_build              before-adaptive  r0 ok=True wall=0.36 rss=132MB cyc=1/0 load=3.9
scala/map_build              before-default   r1 ok=True wall=0.44 rss=184MB cyc=0/0 load=3.9
scala/map_build              after-default    r1 ok=True wall=0.4 rss=184MB cyc=0/0 load=4.0
scala/map_build              after-adaptive   r1 ok=True wall=0.38 rss=150MB cyc=1/0 load=4.0
scala/map_build              before-adaptive  r1 ok=True wall=0.38 rss=132MB cyc=1/0 load=4.0
scala/map_build              before-default   r2 ok=True wall=0.53 rss=184MB cyc=0/0 load=4.0
scala/map_build              after-default    r2 ok=True wall=0.52 rss=184MB cyc=0/0 load=4.0
scala/map_build              after-adaptive   r2 ok=True wall=0.38 rss=150MB cyc=1/0 load=4.0
scala/map_build              before-adaptive  r2 ok=True wall=0.46 rss=132MB cyc=1/0 load=4.0
scala/object_tree            before-default   r0 ok=True wall=0.67 rss=136MB cyc=0/0 load=4.0
scala/object_tree            after-default    r0 ok=True wall=0.51 rss=104MB cyc=0/0 load=4.0
  waiting: busy=[] load=4.76
  waiting: busy=[] load=4.64
scala/object_tree            after-adaptive   r0 ok=True wall=0.41 rss=104MB cyc=0/0 load=3.7
scala/object_tree            before-adaptive  r0 ok=True wall=0.45 rss=141MB cyc=1/0 load=3.7
scala/object_tree            before-default   r1 ok=True wall=0.46 rss=136MB cyc=0/0 load=3.7
scala/object_tree            after-default    r1 ok=True wall=0.41 rss=104MB cyc=0/0 load=3.7
scala/object_tree            after-adaptive   r1 ok=True wall=0.43 rss=104MB cyc=0/0 load=3.7
scala/object_tree            before-adaptive  r1 ok=True wall=0.45 rss=141MB cyc=1/0 load=3.7
scala/object_tree            before-default   r2 ok=True wall=0.45 rss=136MB cyc=0/0 load=3.7
scala/object_tree            after-default    r2 ok=True wall=0.41 rss=104MB cyc=0/0 load=3.7
scala/object_tree            after-adaptive   r2 ok=True wall=0.42 rss=104MB cyc=0/0 load=3.7
scala/object_tree            before-adaptive  r2 ok=True wall=0.48 rss=141MB cyc=1/0 load=3.7
scala/str_concat             before-default   r0 ok=True wall=0.03 rss=26MB cyc=0/0 load=3.7
scala/str_concat             after-default    r0 ok=True wall=0.03 rss=26MB cyc=0/0 load=3.7
scala/str_concat             after-adaptive   r0 ok=True wall=0.03 rss=27MB cyc=0/0 load=3.7
scala/str_concat             before-adaptive  r0 ok=True wall=0.03 rss=27MB cyc=0/0 load=3.7
scala/str_concat             before-default   r1 ok=True wall=0.03 rss=27MB cyc=0/0 load=3.7
scala/str_concat             after-default    r1 ok=True wall=0.03 rss=27MB cyc=0/0 load=3.7
scala/str_concat             after-adaptive   r1 ok=True wall=0.03 rss=27MB cyc=0/0 load=3.7
scala/str_concat             before-adaptive  r1 ok=True wall=0.03 rss=27MB cyc=0/0 load=3.7
scala/str_concat             before-default   r2 ok=True wall=0.03 rss=27MB cyc=0/0 load=3.7
scala/str_concat             after-default    r2 ok=True wall=0.03 rss=27MB cyc=0/0 load=3.7
scala/str_concat             after-adaptive   r2 ok=True wall=0.03 rss=26MB cyc=0/0 load=3.7
scala/str_concat             before-adaptive  r2 ok=True wall=0.03 rss=27MB cyc=0/0 load=3.7
scala/tak                    before-default   r0 ok=True wall=0.03 rss=26MB cyc=0/0 load=3.7
scala/tak                    after-default    r0 ok=True wall=0.03 rss=26MB cyc=0/0 load=3.7
scala/tak                    after-adaptive   r0 ok=True wall=0.03 rss=27MB cyc=0/0 load=3.7
scala/tak                    before-adaptive  r0 ok=True wall=0.04 rss=27MB cyc=0/0 load=3.7
scala/tak                    before-default   r1 ok=True wall=0.03 rss=27MB cyc=0/0 load=3.7
scala/tak                    after-default    r1 ok=True wall=0.03 rss=27MB cyc=0/0 load=3.7
scala/tak                    after-adaptive   r1 ok=True wall=0.03 rss=27MB cyc=0/0 load=3.7
scala/tak                    before-adaptive  r1 ok=True wall=0.03 rss=27MB cyc=0/0 load=3.7
scala/tak                    before-default   r2 ok=True wall=0.03 rss=27MB cyc=0/0 load=3.7
scala/tak                    after-default    r2 ok=True wall=0.03 rss=27MB cyc=0/0 load=3.7
scala/tak                    after-adaptive   r2 ok=True wall=0.03 rss=27MB cyc=0/0 load=3.7
scala/tak                    before-adaptive  r2 ok=True wall=0.04 rss=27MB cyc=0/0 load=3.7
scala/sum_loop               before-default   r0 ok=True wall=0.08 rss=26MB cyc=0/0 load=3.7
scala/sum_loop               after-default    r0 ok=True wall=0.07 rss=26MB cyc=0/0 load=3.7
scala/sum_loop               after-adaptive   r0 ok=True wall=0.08 rss=27MB cyc=0/0 load=3.7
scala/sum_loop               before-adaptive  r0 ok=True wall=0.08 rss=27MB cyc=0/0 load=3.7
scala/sum_loop               before-default   r1 ok=True wall=0.07 rss=26MB cyc=0/0 load=3.7
scala/sum_loop               after-default    r1 ok=True wall=0.07 rss=26MB cyc=0/0 load=3.7
scala/sum_loop               after-adaptive   r1 ok=True wall=0.07 rss=27MB cyc=0/0 load=3.7
scala/sum_loop               before-adaptive  r1 ok=True wall=0.08 rss=27MB cyc=0/0 load=3.6
scala/sum_loop               before-default   r2 ok=True wall=0.08 rss=27MB cyc=0/0 load=3.6
scala/sum_loop               after-default    r2 ok=True wall=0.07 rss=27MB cyc=0/0 load=3.6
scala/sum_loop               after-adaptive   r2 ok=True wall=0.08 rss=26MB cyc=0/0 load=3.6
scala/sum_loop               before-adaptive  r2 ok=True wall=0.08 rss=27MB cyc=0/0 load=3.6
scala/actor-saturation-32    before-default   r0 ok=True wall=1.97 rss=43MB cyc=0/0 load=3.6
scala/actor-saturation-32    after-default    r0 ok=True wall=1.91 rss=43MB cyc=0/0 load=3.6
scala/actor-saturation-32    after-adaptive   r0 ok=True wall=2.0 rss=43MB cyc=0/0 load=3.7
scala/actor-saturation-32    before-adaptive  r0 ok=True wall=2.1 rss=43MB cyc=0/0 load=3.7
scala/actor-saturation-32    before-default   r1 ok=True wall=2.06 rss=43MB cyc=0/0 load=3.7
scala/actor-saturation-32    after-default    r1 ok=True wall=1.97 rss=43MB cyc=0/0 load=3.8
scala/actor-saturation-32    after-adaptive   r1 ok=True wall=2.01 rss=43MB cyc=0/0 load=3.8
scala/actor-saturation-32    before-adaptive  r1 ok=True wall=2.47 rss=43MB cyc=0/0 load=3.9
scala/actor-saturation-32    before-default   r2 ok=True wall=2.07 rss=43MB cyc=0/0 load=3.9
scala/actor-saturation-32    after-default    r2 ok=True wall=1.93 rss=43MB cyc=0/0 load=4.0
scala/actor-saturation-32    after-adaptive   r2 ok=True wall=1.91 rss=43MB cyc=0/0 load=4.0
scala/actor-saturation-32    before-adaptive  r2 ok=True wall=2.09 rss=43MB cyc=0/0 load=4.0
js/records-seq               before-default   r0 ok=True wall=34.09 rss=7854MB cyc=0/1 load=4.1
js/records-seq               after-default    r0 ok=True wall=32.62 rss=7854MB cyc=0/1 load=3.2
js/records-seq               after-adaptive   r0 ok=True wall=47.11 rss=300MB cyc=118/0 load=3.4
js/records-seq               before-adaptive  r0 ok=True wall=40.88 rss=672MB cyc=31/0 load=4.2
js/records-seq               before-default   r1 ok=True wall=33.4 rss=7853MB cyc=0/1 load=4.3
js/records-seq               after-default    r1 ok=True wall=33.28 rss=7853MB cyc=0/1 load=4.4
js/records-seq               after-adaptive   r1 ok=True wall=45.16 rss=301MB cyc=118/0 load=4.1
js/records-seq               before-adaptive  r1 ok=True wall=46.25 rss=477MB cyc=46/0 load=4.0
  waiting: busy=[] load=4.76
js/records-seq               before-default   r2 ok=True wall=32.83 rss=7854MB cyc=0/1 load=4.0
js/records-seq               after-default    r2 ok=True wall=33.23 rss=7854MB cyc=0/1 load=3.3
js/records-seq               after-adaptive   r2 ok=True wall=45.05 rss=301MB cyc=120/0 load=3.1
js/records-seq               before-adaptive  r2 ok=True wall=40.71 rss=672MB cyc=31/0 load=3.8
  waiting: busy=[] load=4.61
js/doctree-seq               before-default   r0 ok=True wall=26.57 rss=6110MB cyc=0/0 load=4.2
  waiting: busy=[] load=5.27
  waiting: busy=[] load=5.70
  waiting: busy=[] load=5.21
  waiting: busy=[] load=4.72
  waiting: busy=[] load=4.59
js/doctree-seq               after-default    r0 ok=True wall=27.43 rss=6126MB cyc=0/0 load=4.3
  waiting: busy=[] load=5.74
  waiting: busy=[] load=5.58
  waiting: busy=[] load=5.06
  waiting: busy=[] load=4.55
js/doctree-seq               after-adaptive   r0 ok=True wall=27.13 rss=4656MB cyc=17/0 load=4.3
js/doctree-seq               before-adaptive  r0 ok=True wall=30.25 rss=1157MB cyc=23/0 load=4.4
  waiting: busy=[] load=4.75
  waiting: busy=[] load=4.61
js/doctree-seq               before-default   r1 ok=True wall=26.85 rss=6126MB cyc=0/0 load=4.3
  waiting: busy=[] load=5.17
  waiting: busy=[] load=6.38
  waiting: busy=[] load=5.57
  waiting: busy=[] load=5.27
  waiting: busy=[] load=5.06
  waiting: busy=[] load=4.69
js/doctree-seq               after-default    r1 ok=True wall=26.52 rss=6126MB cyc=0/0 load=4.4
  waiting: busy=[] load=4.54
  waiting: busy=[] load=5.20
  waiting: busy=[] load=4.64
js/doctree-seq               after-adaptive   r1 ok=True wall=26.4 rss=1385MB cyc=22/0 load=4.4
js/doctree-seq               before-adaptive  r1 ok=True wall=30.24 rss=1157MB cyc=23/0 load=4.4
  waiting: busy=[] load=5.25
  waiting: busy=[] load=4.82
  waiting: busy=[] load=4.55
js/doctree-seq               before-default   r2 ok=True wall=25.69 rss=6110MB cyc=0/0 load=4.1
js/doctree-seq               after-default    r2 ok=True wall=27.05 rss=6110MB cyc=0/0 load=3.6
js/doctree-seq               after-adaptive   r2 ok=True wall=31.31 rss=456MB cyc=63/0 load=3.4
js/doctree-seq               before-adaptive  r2 ok=True wall=30.67 rss=1317MB cyc=21/0 load=3.0
js/graph-seq                 before-default   r0 ok=True wall=45.61 rss=7811MB cyc=0/2 load=3.2
js/graph-seq                 after-default    r0 ok=True wall=47.31 rss=7810MB cyc=0/2 load=3.2
js/graph-seq                 after-adaptive   r0 ok=True wall=56.9 rss=577MB cyc=66/0 load=4.1
js/graph-seq                 before-adaptive  r0 ok=True wall=55.96 rss=701MB cyc=50/0 load=3.4
js/graph-seq                 before-default   r1 ok=True wall=45.89 rss=7814MB cyc=0/2 load=3.3
js/graph-seq                 after-default    r1 ok=True wall=44.91 rss=7810MB cyc=0/2 load=3.0
js/graph-seq                 after-adaptive   r1 ok=True wall=56.63 rss=775MB cyc=74/0 load=2.9
js/graph-seq                 before-adaptive  r1 ok=True wall=52.51 rss=861MB cyc=40/0 load=3.6
js/graph-seq                 before-default   r2 ok=True wall=45.78 rss=7814MB cyc=0/2 load=3.6
js/graph-seq                 after-default    r2 ok=True wall=47.99 rss=7810MB cyc=0/2 load=3.4
js/graph-seq                 after-adaptive   r2 ok=True wall=43.28 rss=2124MB cyc=27/0 load=4.1
js/graph-seq                 before-adaptive  r2 ok=True wall=53.15 rss=748MB cyc=39/0 load=3.6
js/join-seq                  before-default   r0 ok=True wall=32.63 rss=7968MB cyc=0/1 load=3.3
js/join-seq                  after-default    r0 ok=True wall=32.51 rss=7969MB cyc=0/1 load=3.3
js/join-seq                  after-adaptive   r0 ok=True wall=38.28 rss=560MB cyc=57/0 load=3.2
js/join-seq                  before-adaptive  r0 ok=True wall=36.42 rss=614MB cyc=26/0 load=3.0
js/join-seq                  before-default   r1 ok=True wall=32.59 rss=7969MB cyc=0/1 load=2.9
js/join-seq                  after-default    r1 ok=True wall=32.29 rss=7967MB cyc=0/1 load=2.9
js/join-seq                  after-adaptive   r1 ok=True wall=39.99 rss=570MB cyc=45/0 load=2.6
js/join-seq                  before-adaptive  r1 ok=True wall=36.81 rss=644MB cyc=25/0 load=3.2
js/join-seq                  before-default   r2 ok=True wall=32.8 rss=7968MB cyc=0/1 load=3.2
js/join-seq                  after-default    r2 ok=True wall=32.58 rss=7968MB cyc=0/1 load=4.3
js/join-seq                  after-adaptive   r2 ok=True wall=37.38 rss=575MB cyc=50/0 load=3.6
js/join-seq                  before-adaptive  r2 ok=True wall=36.57 rss=613MB cyc=26/0 load=3.6
js/wordfreq-seq              before-default   r0 ok=True wall=21.86 rss=6184MB cyc=0/0 load=3.3
js/wordfreq-seq              after-default    r0 ok=True wall=22.55 rss=6183MB cyc=0/0 load=3.6
js/wordfreq-seq              after-adaptive   r0 ok=True wall=25.07 rss=229MB cyc=50/0 load=3.1
js/wordfreq-seq              before-adaptive  r0 ok=True wall=25.24 rss=196MB cyc=58/0 load=3.3
js/wordfreq-seq              before-default   r1 ok=True wall=22.28 rss=6199MB cyc=0/0 load=3.8
js/wordfreq-seq              after-default    r1 ok=True wall=21.96 rss=6200MB cyc=0/0 load=3.8
js/wordfreq-seq              after-adaptive   r1 ok=True wall=26.59 rss=298MB cyc=49/0 load=3.6
js/wordfreq-seq              before-adaptive  r1 ok=True wall=26.1 rss=311MB cyc=56/0 load=4.4
js/wordfreq-seq              before-default   r2 ok=True wall=22.47 rss=6183MB cyc=0/0 load=4.2
js/wordfreq-seq              after-default    r2 ok=True wall=22.36 rss=6199MB cyc=0/0 load=3.8
js/wordfreq-seq              after-adaptive   r2 ok=True wall=25.18 rss=164MB cyc=72/0 load=3.7
js/wordfreq-seq              before-adaptive  r2 ok=True wall=25.37 rss=197MB cyc=56/0 load=3.5
js/records-par               before-default   r0 ok=True wall=12.3 rss=7859MB cyc=0/1 load=4.2
js/records-par               after-default    r0 ok=True wall=12.74 rss=7870MB cyc=0/1 load=4.3
  waiting: busy=[] load=4.76
  waiting: busy=[] load=5.25
js/records-par               after-adaptive   r0 ok=True wall=10.9 rss=2332MB cyc=15/0 load=4.4
  waiting: busy=[] load=4.85
js/records-par               before-adaptive  r0 ok=True wall=19.93 rss=1833MB cyc=16/0 load=4.0
js/records-par               before-default   r1 ok=True wall=12.01 rss=7872MB cyc=0/1 load=4.4
  waiting: busy=[] load=4.62
js/records-par               after-default    r1 ok=True wall=13.33 rss=7860MB cyc=0/2 load=3.7
js/records-par               after-adaptive   r1 ok=True wall=11.19 rss=2036MB cyc=17/0 load=4.2
  waiting: busy=[] load=6.10
  waiting: busy=[] load=4.73
js/records-par               before-adaptive  r1 ok=True wall=19.65 rss=1822MB cyc=16/0 load=4.1
js/records-par               before-default   r2 ok=True wall=14.2 rss=7870MB cyc=0/1 load=4.4
  waiting: busy=[] load=5.22
js/records-par               after-default    r2 ok=True wall=14.11 rss=7920MB cyc=0/2 load=4.5
  waiting: busy=[] load=5.02
js/records-par               after-adaptive   r2 ok=True wall=10.64 rss=2729MB cyc=16/0 load=4.4
  waiting: busy=[] load=4.55
js/records-par               before-adaptive  r2 ok=True wall=20.14 rss=1804MB cyc=16/0 load=3.8
  waiting: busy=[] load=4.84
js/probe-100k                before-default   r0 ok=True wall=1.0 rss=471MB cyc=0/0 load=4.2
js/probe-100k                after-default    r0 ok=True wall=1.03 rss=471MB cyc=0/0 load=4.2
js/probe-100k                after-adaptive   r0 ok=True wall=0.92 rss=321MB cyc=2/0 load=4.2
js/probe-100k                before-adaptive  r0 ok=True wall=0.97 rss=215MB cyc=4/0 load=4.2
js/probe-100k                before-default   r1 ok=True wall=1.17 rss=471MB cyc=0/0 load=4.2
js/probe-100k                after-default    r1 ok=True wall=1.07 rss=471MB cyc=0/0 load=4.2
js/probe-100k                after-adaptive   r1 ok=True wall=0.95 rss=321MB cyc=2/0 load=4.2
js/probe-100k                before-adaptive  r1 ok=True wall=1.0 rss=216MB cyc=4/0 load=4.2
js/probe-100k                before-default   r2 ok=True wall=1.04 rss=471MB cyc=0/0 load=4.2
js/probe-100k                after-default    r2 ok=True wall=1.0 rss=471MB cyc=0/0 load=4.1
js/probe-100k                after-adaptive   r2 ok=True wall=0.94 rss=321MB cyc=2/0 load=4.1
js/probe-100k                before-adaptive  r2 ok=True wall=1.01 rss=216MB cyc=4/0 load=4.1
