core_fixed640_live1M   before r0 ok=True wall=3.58 rss=671MB cyc=7 wait=1.3s sweep_ns/cell=18.7 load=4.0
core_fixed640_live1M   after  r0 ok=True wall=2.68 rss=664MB cyc=12 wait=0.1s sweep_ns/cell=9.8 load=3.9
core_adaptive_live1M   before r0 ok=True wall=4.37 rss=544MB cyc=16 wait=2.5s sweep_ns/cell=24.7 load=3.8
  waiting: busy=[] cpus=2.97 load=3.62
  waiting: busy=[] cpus=2.92 load=3.37
core_adaptive_live1M   after  r0 ok=True wall=2.31 rss=907MB cyc=14 wait=0.1s sweep_ns/cell=9.9 load=3.0
js40_records_n1        before r0 ok=True wall=6.92 rss=2248MB cyc=None wait=0.0s sweep_ns/cell=0.0 load=3.1
js40_records_n1        after  r0 ok=True wall=6.92 rss=2248MB cyc=None wait=0.0s sweep_ns/cell=0.0 load=3.3
js40_records_n6        before r0 ok=True wall=15.63 rss=2574MB cyc=5 wait=20.8s sweep_ns/cell=35.3 load=3.5
js40_records_n6        after  r0 ok=True wall=12.6 rss=2545MB cyc=9 wait=2.2s sweep_ns/cell=18.8 load=6.9
js40_records_n12       before r0 ok=True wall=37.39 rss=2665MB cyc=10 wait=219.8s sweep_ns/cell=59.3 load=6.9
js40_records_n12       after  r0 ok=True wall=22.04 rss=2602MB cyc=14 wait=19.0s sweep_ns/cell=21.1 load=8.2
js40_join_n1           before r0 ok=True wall=6.13 rss=1496MB cyc=None wait=0.0s sweep_ns/cell=0.0 load=8.6
js40_join_n1           after  r0 ok=True wall=5.93 rss=1492MB cyc=None wait=0.0s sweep_ns/cell=0.0 load=7.9
js40_join_n6           before r0 ok=True wall=12.78 rss=2665MB cyc=3 wait=11.6s sweep_ns/cell=30.1 load=7.6
js40_join_n6           after  r0 ok=True wall=13.06 rss=2718MB cyc=6 wait=2.0s sweep_ns/cell=21.6 load=8.4
  waiting: busy=[] cpus=4.97 load=8.20
js40_join_n12          before r0 ok=True wall=33.52 rss=2901MB cyc=8 wait=158.0s sweep_ns/cell=61.8 load=6.8
js40_join_n12          after  r0 ok=True wall=24.24 rss=2800MB cyc=13 wait=40.8s sweep_ns/cell=25.7 load=8.1
js40_doctree_n1        before r0 ok=True wall=5.26 rss=1092MB cyc=None wait=0.0s sweep_ns/cell=0.0 load=10.1
js40_doctree_n1        after  r0 ok=True wall=5.19 rss=1092MB cyc=None wait=0.0s sweep_ns/cell=0.0 load=9.6
  waiting: busy=[] cpus=2.55 load=8.48
js40_doctree_n6        before r0 ok=True wall=9.49 rss=2578MB cyc=2 wait=7.8s sweep_ns/cell=24.1 load=7.2
js40_doctree_n6        after  r0 ok=True wall=10.06 rss=2581MB cyc=4 wait=2.6s sweep_ns/cell=15.7 load=6.9
js40_doctree_n12       before r0 ok=True wall=27.03 rss=2671MB cyc=6 wait=121.6s sweep_ns/cell=54.4 load=6.8
js40_doctree_n12       after  r0 ok=True wall=21.63 rss=2652MB cyc=10 wait=36.6s sweep_ns/cell=16.7 load=8.9
js40_wordfreq_n1       before r0 ok=True wall=4.85 rss=1148MB cyc=None wait=0.0s sweep_ns/cell=0.0 load=9.2
js40_wordfreq_n1       after  r0 ok=True wall=4.71 rss=1145MB cyc=None wait=0.0s sweep_ns/cell=0.0 load=8.6
js40_wordfreq_n6       before r0 ok=True wall=7.57 rss=2536MB cyc=2 wait=4.2s sweep_ns/cell=16.2 load=7.6
js40_wordfreq_n6       after  r0 ok=True wall=7.72 rss=2607MB cyc=4 wait=1.3s sweep_ns/cell=15.4 load=6.9
js40_wordfreq_n12      before r0 ok=True wall=13.61 rss=2606MB cyc=5 wait=29.2s sweep_ns/cell=28.5 load=8.4
js40_wordfreq_n12      after  r0 ok=True wall=13.42 rss=2683MB cyc=9 wait=4.5s sweep_ns/cell=18.1 load=8.2
js40_graph_n1          before r0 ok=True wall=8.24 rss=2488MB cyc=1 wait=0.2s sweep_ns/cell=9.4 load=9.0
js40_graph_n1          after  r0 ok=True wall=8.28 rss=2488MB cyc=1 wait=0.2s sweep_ns/cell=11.5 load=7.8
js40_graph_n6          before r0 ok=True wall=18.0 rss=2621MB cyc=7 wait=21.8s sweep_ns/cell=28.1 load=7.3
js40_graph_n6          after  r0 ok=True wall=15.74 rss=2622MB cyc=12 wait=3.3s sweep_ns/cell=18.0 load=6.9
js40_graph_n12         before r0 ok=True wall=61.0 rss=2787MB cyc=17 wait=364.2s sweep_ns/cell=63.1 load=6.6
js40_graph_n12         after  r0 ok=True wall=45.73 rss=2835MB cyc=25 wait=183.5s sweep_ns/cell=17.8 load=5.6
js10_records_n1        before r0 ok=True wall=3.4 rss=649MB cyc=1 wait=0.2s sweep_ns/cell=16.3 load=8.2
js10_records_n1        after  r0 ok=True wall=3.45 rss=649MB cyc=1 wait=0.1s sweep_ns/cell=7.6 load=7.8
js10_records_n6        before r0 ok=True wall=7.47 rss=686MB cyc=7 wait=17.0s sweep_ns/cell=54.5 load=6.9
  waiting: busy=[] cpus=3.12 load=6.50
js10_records_n6        after  r0 ok=True wall=5.54 rss=702MB cyc=11 wait=2.6s sweep_ns/cell=11.3 load=5.7
js10_records_n12       before r0 ok=True wall=18.98 rss=749MB cyc=15 wait=130.9s sweep_ns/cell=82.6 load=5.3
  waiting: busy=[] cpus=2.69 load=5.24
js10_records_n12       after  r0 ok=True wall=10.57 rss=725MB cyc=21 wait=23.8s sweep_ns/cell=13.2 load=4.3
js10_join_n1           before r0 ok=True wall=2.3 rss=610MB cyc=None wait=0.0s sweep_ns/cell=0.0 load=7.2
js10_join_n1           after  r0 ok=True wall=2.35 rss=610MB cyc=None wait=0.0s sweep_ns/cell=0.0 load=6.7
js10_join_n6           before r0 ok=False wall=140.88 rss=772MB cyc=147 wait=827.9s sweep_ns/cell=73.1 load=6.4
js10_join_n6           after  r0 ok=False wall=30.22 rss=767MB cyc=40 wait=164.1s sweep_ns/cell=10.8 load=4.7
js10_join_n12          before r0 ok=False wall=510.75 rss=821MB cyc=386 wait=6089.0s sweep_ns/cell=84.0 load=4.7
js10_join_n12          after  r0 ok=False wall=515.83 rss=840MB cyc=518 wait=6146.8s sweep_ns/cell=8.7 load=3.1
js10_doctree_n1        before r0 ok=True wall=2.12 rss=450MB cyc=None wait=0.0s sweep_ns/cell=0.0 load=2.8
js10_doctree_n1        after  r0 ok=True wall=2.16 rss=450MB cyc=None wait=0.0s sweep_ns/cell=0.0 load=2.8
js10_doctree_n6        before r0 ok=True wall=4.55 rss=688MB cyc=4 wait=6.6s sweep_ns/cell=36.2 load=2.9
js10_doctree_n6        after  r0 ok=True wall=3.56 rss=684MB cyc=6 wait=1.3s sweep_ns/cell=14.3 load=2.8
js10_doctree_n12       before r0 ok=True wall=12.81 rss=741MB cyc=10 wait=73.9s sweep_ns/cell=68.4 load=2.8
js10_doctree_n12       after  r0 ok=True wall=8.91 rss=734MB cyc=13 wait=37.1s sweep_ns/cell=11.7 load=2.7
js10_wordfreq_n1       before r0 ok=True wall=2.34 rss=513MB cyc=None wait=0.0s sweep_ns/cell=0.0 load=3.5
js10_wordfreq_n1       after  r0 ok=True wall=2.24 rss=490MB cyc=None wait=0.0s sweep_ns/cell=0.0 load=3.2
js10_wordfreq_n6       before r0 ok=True wall=3.38 rss=746MB cyc=3 wait=3.2s sweep_ns/cell=20.0 load=3.0
js10_wordfreq_n6       after  r0 ok=True wall=3.31 rss=738MB cyc=5 wait=0.5s sweep_ns/cell=16.9 load=2.8
js10_wordfreq_n12      before r0 ok=True wall=8.29 rss=973MB cyc=8 wait=40.1s sweep_ns/cell=39.0 load=2.8
js10_wordfreq_n12      after  r0 ok=True wall=6.24 rss=907MB cyc=10 wait=16.4s sweep_ns/cell=18.0 load=3.9
js10_graph_n1          before r0 ok=True wall=2.76 rss=652MB cyc=1 wait=0.1s sweep_ns/cell=9.5 load=3.8
  waiting: busy=[] cpus=3.20 load=3.62
  waiting: busy=[] cpus=4.18 load=3.92
js10_graph_n1          after  r0 ok=True wall=2.73 rss=652MB cyc=1 wait=0.1s sweep_ns/cell=9.3 load=3.4
  waiting: busy=[] cpus=2.64 load=3.24
js10_graph_n6          before r0 ok=True wall=10.04 rss=745MB cyc=12 wait=25.5s sweep_ns/cell=50.9 load=3.1
js10_graph_n6          after  r0 ok=True wall=8.06 rss=738MB cyc=18 wait=13.1s sweep_ns/cell=18.7 load=3.0
js10_graph_n12         before r0 ok=False wall=7.84 rss=943MB cyc=8 wait=84.8s sweep_ns/cell=33.6 load=3.4
js10_graph_n12         after  r0 ok=True wall=48.05 rss=950MB cyc=62 wait=426.5s sweep_ns/cell=22.6 load=3.2
jsad_records_n12       before r0 ok=True wall=46.37 rss=2092MB cyc=24 wait=360.5s sweep_ns/cell=66.3 load=3.1
jsad_records_n12       after  r0 ok=True wall=21.35 rss=2588MB cyc=24 wait=19.7s sweep_ns/cell=19.9 load=4.3
jsad_join_n12          before r0 ok=True wall=36.95 rss=2875MB cyc=17 wait=190.0s sweep_ns/cell=64.2 load=7.5
jsad_join_n12          after  r0 ok=True wall=22.86 rss=2876MB cyc=19 wait=30.0s sweep_ns/cell=23.4 load=8.1
jsad_doctree_n12       before r0 ok=True wall=30.63 rss=2664MB cyc=14 wait=171.5s sweep_ns/cell=58.4 load=10.3
jsad_doctree_n12       after  r0 ok=True wall=19.14 rss=2661MB cyc=15 wait=38.2s sweep_ns/cell=17.0 load=8.3
jsad_wordfreq_n12      before r0 ok=True wall=24.91 rss=1805MB cyc=25 wait=157.7s sweep_ns/cell=51.2 load=7.5
jsad_wordfreq_n12      after  r0 ok=True wall=15.45 rss=2731MB cyc=20 wait=30.5s sweep_ns/cell=23.4 load=7.9
  waiting: busy=[] cpus=5.20 load=8.18
jsad_graph_n12         before r0 ok=True wall=59.34 rss=2768MB cyc=21 wait=370.8s sweep_ns/cell=61.5 load=7.1
jsad_graph_n12         after  r0 ok=True wall=44.07 rss=2755MB cyc=30 wait=170.4s sweep_ns/cell=18.2 load=9.7
scala_tree_t1          before r0 ok=True wall=16.35 rss=152MB cyc=28 wait=1.9s sweep_ns/cell=67.7 load=10.6
scala_tree_t1          after  r0 ok=True wall=13.73 rss=159MB cyc=24 wait=0.0s sweep_ns/cell=49.1 load=8.5
scala_tree_t6          before r0 ok=True wall=88.88 rss=192MB cyc=189 wait=247.0s sweep_ns/cell=161.0 load=7.1
scala_tree_t6          after  r0 ok=True wall=57.12 rss=191MB cyc=164 wait=119.3s sweep_ns/cell=120.2 load=5.0
clj_coll_t1            before r0 ok=True wall=11.31 rss=135MB cyc=66 wait=3.1s sweep_ns/cell=40.1 load=6.1
clj_coll_t1            after  r0 ok=True wall=14.31 rss=135MB cyc=92 wait=0.0s sweep_ns/cell=32.7 load=5.2
clj_coll_t6            before r0 ok=True wall=118.7 rss=155MB cyc=356 wait=473.6s sweep_ns/cell=138.5 load=4.4
clj_coll_t6            after  r0 ok=True wall=46.25 rss=157MB cyc=450 wait=29.4s sweep_ns/cell=45.5 load=4.9
  waiting: busy=[] cpus=3.10 load=8.07
cad_20k                before r0 ok=True wall=233.64 rss=1249MB cyc=69 wait=657.3s sweep_ns/cell=120.8 load=6.7
cad_20k                after  r0 ok=True wall=151.44 rss=1187MB cyc=110 wait=271.4s sweep_ns/cell=21.5 load=5.3
core_fixed640_live1M   before r0 ok=True wall=3.6 rss=671MB cyc=7 wait=1.3s sweep_ns/cell=18.7 load=4.3
core_fixed640_live1M   after  r0 ok=True wall=2.86 rss=664MB cyc=12 wait=0.1s sweep_ns/cell=10.0 load=4.1
core_adaptive_live1M   before r0 ok=True wall=4.44 rss=544MB cyc=16 wait=2.6s sweep_ns/cell=24.8 load=4.0
core_adaptive_live1M   after  r0 ok=True wall=2.36 rss=891MB cyc=14 wait=0.1s sweep_ns/cell=10.0 load=3.9
js40_records_n1        before r0 ok=True wall=6.98 rss=2244MB cyc=None wait=0.0s sweep_ns/cell=0.0 load=3.7
js40_records_n1        after  r0 ok=True wall=7.11 rss=2244MB cyc=None wait=0.0s sweep_ns/cell=0.0 load=3.4
js40_records_n6        before r0 ok=True wall=15.18 rss=2570MB cyc=5 wait=19.8s sweep_ns/cell=33.8 load=3.2
js40_records_n6        after  r0 ok=True wall=12.05 rss=2579MB cyc=8 wait=2.2s sweep_ns/cell=18.1 load=3.7
js40_records_n12       before r0 ok=True wall=37.37 rss=2687MB cyc=10 wait=211.6s sweep_ns/cell=58.9 load=5.1
js40_records_n12       after  r0 ok=True wall=21.47 rss=2595MB cyc=14 wait=14.5s sweep_ns/cell=20.2 load=7.7
js40_join_n1           before r0 ok=True wall=6.22 rss=1496MB cyc=None wait=0.0s sweep_ns/cell=0.0 load=10.6
js40_join_n1           after  r0 ok=True wall=6.05 rss=1492MB cyc=None wait=0.0s sweep_ns/cell=0.0 load=9.5
js40_join_n6           before r0 ok=True wall=12.38 rss=2657MB cyc=3 wait=11.0s sweep_ns/cell=28.5 load=8.5
js40_join_n6           after  r0 ok=True wall=11.32 rss=2694MB cyc=5 wait=3.6s sweep_ns/cell=15.6 load=8.0
js40_join_n12          before r0 ok=True wall=33.3 rss=2921MB cyc=8 wait=159.5s sweep_ns/cell=61.3 load=7.6
  waiting: busy=[] cpus=4.96 load=10.93
js40_join_n12          after  r0 ok=True wall=25.12 rss=2935MB cyc=13 wait=52.2s sweep_ns/cell=25.7 load=10.3
js40_doctree_n1        before r0 ok=True wall=5.2 rss=1096MB cyc=None wait=0.0s sweep_ns/cell=0.0 load=9.6
js40_doctree_n1        after  r0 ok=True wall=5.2 rss=1096MB cyc=None wait=0.0s sweep_ns/cell=0.0 load=9.0
js40_doctree_n6        before r0 ok=True wall=9.73 rss=2579MB cyc=2 wait=7.8s sweep_ns/cell=23.9 load=7.9
js40_doctree_n6        after  r0 ok=True wall=10.16 rss=2587MB cyc=4 wait=2.6s sweep_ns/cell=15.3 load=7.2
js40_doctree_n12       before r0 ok=True wall=26.95 rss=2668MB cyc=6 wait=121.4s sweep_ns/cell=53.3 load=6.8
js40_doctree_n12       after  r0 ok=True wall=19.7 rss=2659MB cyc=9 wait=39.1s sweep_ns/cell=15.5 load=6.6
js40_wordfreq_n1       before r0 ok=True wall=5.06 rss=1132MB cyc=None wait=0.0s sweep_ns/cell=0.0 load=8.4
js40_wordfreq_n1       after  r0 ok=True wall=4.76 rss=1125MB cyc=None wait=0.0s sweep_ns/cell=0.0 load=8.1
js40_wordfreq_n6       before r0 ok=True wall=7.55 rss=2541MB cyc=2 wait=4.2s sweep_ns/cell=15.6 load=7.1
js40_wordfreq_n6       after  r0 ok=True wall=7.47 rss=2606MB cyc=4 wait=1.3s sweep_ns/cell=15.1 load=6.8
js40_wordfreq_n12      before r0 ok=True wall=13.87 rss=2575MB cyc=5 wait=29.3s sweep_ns/cell=27.7 load=6.7
js40_wordfreq_n12      after  r0 ok=True wall=13.95 rss=2759MB cyc=9 wait=5.2s sweep_ns/cell=18.1 load=7.9
js40_graph_n1          before r0 ok=True wall=8.29 rss=2488MB cyc=1 wait=0.2s sweep_ns/cell=10.0 load=7.8
  waiting: busy=[] cpus=2.63 load=7.25
js40_graph_n1          after  r0 ok=True wall=8.08 rss=2488MB cyc=1 wait=0.2s sweep_ns/cell=8.9 load=6.1
js40_graph_n6          before r0 ok=True wall=18.22 rss=2614MB cyc=7 wait=21.8s sweep_ns/cell=28.8 load=5.5
js40_graph_n6          after  r0 ok=True wall=15.49 rss=2617MB cyc=13 wait=2.9s sweep_ns/cell=18.3 load=6.8
js40_graph_n12         before r0 ok=True wall=58.71 rss=2776MB cyc=17 wait=356.7s sweep_ns/cell=61.0 load=6.3
js40_graph_n12         after  r0 ok=True wall=47.79 rss=2823MB cyc=25 wait=180.5s sweep_ns/cell=17.1 load=6.8
js10_records_n1        before r0 ok=True wall=3.49 rss=649MB cyc=1 wait=0.2s sweep_ns/cell=15.3 load=9.0
js10_records_n1        after  r0 ok=True wall=3.43 rss=649MB cyc=1 wait=0.1s sweep_ns/cell=7.3 load=8.4
js10_records_n6        before r0 ok=True wall=7.46 rss=693MB cyc=7 wait=16.6s sweep_ns/cell=53.9 load=7.9
js10_records_n6        after  r0 ok=True wall=5.49 rss=705MB cyc=10 wait=4.0s sweep_ns/cell=14.1 load=8.3
js10_records_n12       before r0 ok=True wall=18.96 rss=745MB cyc=15 wait=139.5s sweep_ns/cell=82.8 load=7.4
js10_records_n12       after  r0 ok=True wall=10.27 rss=723MB cyc=21 wait=24.1s sweep_ns/cell=12.4 load=7.1
js10_join_n1           before r0 ok=True wall=2.44 rss=610MB cyc=None wait=0.0s sweep_ns/cell=0.0 load=7.5
js10_join_n1           after  r0 ok=True wall=2.35 rss=606MB cyc=None wait=0.0s sweep_ns/cell=0.0 load=7.2
js10_doctree_n1        before r0 ok=True wall=2.2 rss=446MB cyc=None wait=0.0s sweep_ns/cell=0.0 load=6.8
js10_doctree_n1        after  r0 ok=True wall=2.21 rss=450MB cyc=None wait=0.0s sweep_ns/cell=0.0 load=6.5
js10_doctree_n6        before r0 ok=True wall=4.64 rss=685MB cyc=4 wait=6.9s sweep_ns/cell=36.1 load=5.9
js10_doctree_n6        after  r0 ok=True wall=4.05 rss=680MB cyc=7 wait=1.3s sweep_ns/cell=17.3 load=5.6
  waiting: busy=[] cpus=2.94 load=5.80
js10_doctree_n12       before r0 ok=True wall=13.09 rss=733MB cyc=10 wait=76.5s sweep_ns/cell=70.8 load=5.2
js10_doctree_n12       after  r0 ok=True wall=9.25 rss=746MB cyc=13 wait=36.6s sweep_ns/cell=11.6 load=5.9
js10_wordfreq_n1       before r0 ok=True wall=2.29 rss=513MB cyc=None wait=0.0s sweep_ns/cell=0.0 load=5.2
js10_wordfreq_n1       after  r0 ok=True wall=2.22 rss=489MB cyc=None wait=0.0s sweep_ns/cell=0.0 load=4.9
js10_wordfreq_n6       before r0 ok=True wall=3.34 rss=687MB cyc=3 wait=3.0s sweep_ns/cell=20.6 load=4.6
  waiting: busy=[] cpus=3.08 load=4.91
js10_wordfreq_n6       after  r0 ok=True wall=3.26 rss=704MB cyc=6 wait=0.4s sweep_ns/cell=17.0 load=4.2
js10_wordfreq_n12      before r0 ok=True wall=8.34 rss=916MB cyc=8 wait=45.5s sweep_ns/cell=39.0 load=4.0
js10_wordfreq_n12      after  r0 ok=True wall=7.65 rss=870MB cyc=11 wait=34.1s sweep_ns/cell=21.0 load=3.9
js10_graph_n1          before r0 ok=True wall=2.79 rss=652MB cyc=1 wait=0.1s sweep_ns/cell=10.0 load=3.6
js10_graph_n1          after  r0 ok=True wall=2.71 rss=652MB cyc=1 wait=0.1s sweep_ns/cell=9.3 load=3.5
js10_graph_n6          before r0 ok=True wall=9.92 rss=736MB cyc=12 wait=25.2s sweep_ns/cell=51.5 load=3.3
js10_graph_n6          after  r0 ok=True wall=8.27 rss=773MB cyc=18 wait=13.5s sweep_ns/cell=20.9 load=4.3
jsad_records_n12       before r0 ok=True wall=44.75 rss=2238MB cyc=23 wait=318.5s sweep_ns/cell=63.1 load=4.3
jsad_records_n12       after  r0 ok=True wall=21.83 rss=2589MB cyc=24 wait=18.3s sweep_ns/cell=21.2 load=4.1
jsad_join_n12          before r0 ok=True wall=38.82 rss=2852MB cyc=17 wait=178.9s sweep_ns/cell=68.5 load=6.1
jsad_join_n12          after  r0 ok=True wall=26.05 rss=2813MB cyc=19 wait=52.3s sweep_ns/cell=25.9 load=9.3
jsad_doctree_n12       before r0 ok=True wall=30.12 rss=2666MB cyc=14 wait=163.4s sweep_ns/cell=57.1 load=8.4
jsad_doctree_n12       after  r0 ok=True wall=19.3 rss=2657MB cyc=15 wait=39.6s sweep_ns/cell=16.7 load=9.2
jsad_wordfreq_n12      before r0 ok=True wall=24.02 rss=2060MB cyc=24 wait=166.4s sweep_ns/cell=46.0 load=10.0
jsad_wordfreq_n12      after  r0 ok=True wall=12.84 rss=2768MB cyc=15 wait=8.5s sweep_ns/cell=16.7 load=10.8
jsad_graph_n12         before r0 ok=True wall=59.66 rss=2766MB cyc=21 wait=371.7s sweep_ns/cell=62.1 load=10.1
jsad_graph_n12         after  r0 ok=True wall=43.74 rss=2750MB cyc=30 wait=167.2s sweep_ns/cell=15.7 load=7.5
scala_tree_t1          before r0 ok=True wall=16.76 rss=152MB cyc=28 wait=1.9s sweep_ns/cell=70.1 load=8.7
scala_tree_t1          after  r0 ok=True wall=13.59 rss=158MB cyc=24 wait=0.0s sweep_ns/cell=46.8 load=7.2
scala_tree_t6          before r0 ok=True wall=89.4 rss=182MB cyc=199 wait=254.3s sweep_ns/cell=162.5 load=6.6
  waiting: busy=[] cpus=5.89 load=6.08
scala_tree_t6          after  r0 ok=True wall=57.66 rss=186MB cyc=172 wait=123.8s sweep_ns/cell=121.8 load=5.2
clj_coll_t1            before r0 ok=True wall=11.37 rss=135MB cyc=66 wait=3.1s sweep_ns/cell=40.3 load=5.3
clj_coll_t1            after  r0 ok=True wall=14.38 rss=135MB cyc=92 wait=0.0s sweep_ns/cell=32.7 load=4.6
clj_coll_t6            before r0 ok=True wall=117.14 rss=159MB cyc=354 wait=468.0s sweep_ns/cell=135.5 load=4.2
clj_coll_t6            after  r0 ok=True wall=44.74 rss=153MB cyc=461 wait=26.8s sweep_ns/cell=44.5 load=5.4
cad_20k                before r0 ok=True wall=239.34 rss=1249MB cyc=70 wait=678.8s sweep_ns/cell=120.7 load=6.5
cad_20k                after  r0 ok=True wall=143.5 rss=1241MB cyc=101 wait=246.7s sweep_ns/cell=21.3 load=3.9
core_fixed640_live1M   before r1 ok=True wall=3.69 rss=671MB cyc=7 wait=1.3s sweep_ns/cell=18.4 load=6.0
core_fixed640_live1M   after  r1 ok=True wall=2.73 rss=664MB cyc=12 wait=0.1s sweep_ns/cell=10.0 load=5.6
core_adaptive_live1M   before r1 ok=True wall=4.29 rss=575MB cyc=15 wait=2.3s sweep_ns/cell=23.9 load=5.3
core_adaptive_live1M   after  r1 ok=True wall=2.37 rss=891MB cyc=14 wait=0.1s sweep_ns/cell=10.1 load=4.9
js40_records_n1        before r1 ok=True wall=7.12 rss=2244MB cyc=None wait=0.0s sweep_ns/cell=0.0 load=4.6
js40_records_n1        after  r1 ok=True wall=7.27 rss=2248MB cyc=None wait=0.0s sweep_ns/cell=0.0 load=4.1
js40_records_n6        before r1 ok=True wall=15.34 rss=2578MB cyc=5 wait=19.5s sweep_ns/cell=34.0 load=3.9
js40_records_n6        after  r1 ok=True wall=13.15 rss=2547MB cyc=8 wait=2.2s sweep_ns/cell=20.6 load=4.6
  waiting: busy=[] cpus=4.41 load=5.11
js40_records_n12       before r1 ok=True wall=37.83 rss=2696MB cyc=10 wait=214.0s sweep_ns/cell=60.0 load=4.5
js40_records_n12       after  r1 ok=True wall=21.03 rss=2597MB cyc=14 wait=14.1s sweep_ns/cell=19.7 load=8.3
  waiting: busy=[] cpus=3.00 load=9.02
  waiting: busy=[] cpus=2.69 load=7.53
js40_join_n1           before r1 ok=True wall=5.86 rss=1492MB cyc=None wait=0.0s sweep_ns/cell=0.0 load=6.4
js40_join_n1           after  r1 ok=True wall=5.78 rss=1492MB cyc=None wait=0.0s sweep_ns/cell=0.0 load=6.0
js40_join_n6           before r1 ok=True wall=12.43 rss=2656MB cyc=3 wait=12.0s sweep_ns/cell=29.4 load=5.6
  waiting: busy=[] cpus=3.03 load=6.33
js40_join_n6           after  r1 ok=True wall=11.9 rss=2705MB cyc=6 wait=2.2s sweep_ns/cell=20.1 load=5.2
  waiting: busy=[] cpus=2.76 load=5.83
js40_join_n12          before r1 ok=True wall=32.45 rss=2891MB cyc=8 wait=155.2s sweep_ns/cell=60.5 load=5.2
js40_join_n12          after  r1 ok=True wall=24.82 rss=2807MB cyc=14 wait=44.7s sweep_ns/cell=24.5 load=6.1
js40_doctree_n1        before r1 ok=True wall=5.19 rss=1096MB cyc=None wait=0.0s sweep_ns/cell=0.0 load=8.0
js40_doctree_n1        after  r1 ok=True wall=5.23 rss=1096MB cyc=None wait=0.0s sweep_ns/cell=0.0 load=7.1
  waiting: busy=[] cpus=2.88 load=6.69
js40_doctree_n6        before r1 ok=True wall=9.5 rss=2576MB cyc=2 wait=7.8s sweep_ns/cell=23.4 load=5.5
js40_doctree_n6        after  r1 ok=True wall=9.64 rss=2581MB cyc=4 wait=2.5s sweep_ns/cell=15.1 load=5.6
js40_doctree_n12       before r1 ok=True wall=27.2 rss=2681MB cyc=6 wait=116.4s sweep_ns/cell=55.3 load=5.6
js40_doctree_n12       after  r1 ok=True wall=21.9 rss=2655MB cyc=10 wait=38.7s sweep_ns/cell=16.5 load=7.3
js40_wordfreq_n1       before r1 ok=True wall=4.82 rss=1132MB cyc=None wait=0.0s sweep_ns/cell=0.0 load=8.8
js40_wordfreq_n1       after  r1 ok=True wall=5.01 rss=1149MB cyc=None wait=0.0s sweep_ns/cell=0.0 load=8.1
  waiting: busy=[] cpus=6.07 load=8.19
js40_wordfreq_n6       before r1 ok=True wall=7.68 rss=2537MB cyc=2 wait=4.2s sweep_ns/cell=15.9 load=7.1
js40_wordfreq_n6       after  r1 ok=True wall=7.67 rss=2609MB cyc=4 wait=1.4s sweep_ns/cell=15.2 load=6.9
js40_wordfreq_n12      before r1 ok=True wall=13.76 rss=2580MB cyc=5 wait=29.2s sweep_ns/cell=27.8 load=7.1
js40_wordfreq_n12      after  r1 ok=True wall=13.0 rss=2692MB cyc=9 wait=11.1s sweep_ns/cell=15.2 load=7.7
js40_graph_n1          before r1 ok=True wall=8.51 rss=2488MB cyc=1 wait=0.2s sweep_ns/cell=9.4 load=8.2
js40_graph_n1          after  r1 ok=True wall=8.27 rss=2488MB cyc=1 wait=0.2s sweep_ns/cell=9.5 load=7.4
js40_graph_n6          before r1 ok=True wall=18.06 rss=2623MB cyc=7 wait=22.8s sweep_ns/cell=28.6 load=6.3
js40_graph_n6          after  r1 ok=True wall=15.71 rss=2630MB cyc=12 wait=3.4s sweep_ns/cell=18.1 load=6.2
  waiting: busy=[] cpus=3.27 load=6.96
js40_graph_n12         before r1 ok=True wall=58.61 rss=2756MB cyc=17 wait=357.3s sweep_ns/cell=61.4 load=6.2
js40_graph_n12         after  r1 ok=True wall=47.46 rss=2768MB cyc=25 wait=167.3s sweep_ns/cell=19.8 load=6.9
  waiting: busy=[] cpus=2.99 load=8.16
js10_records_n1        before r1 ok=True wall=3.32 rss=649MB cyc=1 wait=0.2s sweep_ns/cell=16.1 load=7.4
js10_records_n1        after  r1 ok=True wall=3.32 rss=649MB cyc=1 wait=0.1s sweep_ns/cell=7.3 load=6.9
js10_records_n6        before r1 ok=True wall=7.64 rss=705MB cyc=7 wait=17.7s sweep_ns/cell=53.9 load=6.2
js10_records_n6        after  r1 ok=True wall=5.7 rss=699MB cyc=11 wait=2.9s sweep_ns/cell=11.5 load=5.6
js10_records_n12       before r1 ok=True wall=19.15 rss=746MB cyc=15 wait=139.0s sweep_ns/cell=81.9 load=5.8
js10_records_n12       after  r1 ok=True wall=10.2 rss=730MB cyc=21 wait=24.1s sweep_ns/cell=11.8 load=5.2
js10_join_n1           before r1 ok=True wall=2.4 rss=610MB cyc=None wait=0.0s sweep_ns/cell=0.0 load=6.4
js10_join_n1           after  r1 ok=True wall=2.37 rss=606MB cyc=None wait=0.0s sweep_ns/cell=0.0 load=6.0
js10_doctree_n1        before r1 ok=True wall=2.18 rss=450MB cyc=None wait=0.0s sweep_ns/cell=0.0 load=5.6
js10_doctree_n1        after  r1 ok=True wall=2.26 rss=450MB cyc=None wait=0.0s sweep_ns/cell=0.0 load=5.3
js10_doctree_n6        before r1 ok=True wall=5.38 rss=684MB cyc=4 wait=8.5s sweep_ns/cell=42.3 load=5.0
  waiting: busy=[] cpus=3.74 load=5.04
js10_doctree_n6        after  r1 ok=True wall=3.91 rss=685MB cyc=6 wait=1.3s sweep_ns/cell=17.5 load=5.8
  waiting: busy=[] cpus=2.81 load=5.56
  waiting: busy=[] cpus=2.52 load=5.54
js10_doctree_n12       before r1 ok=True wall=12.74 rss=745MB cyc=10 wait=74.9s sweep_ns/cell=67.3 load=4.6
js10_doctree_n12       after  r1 ok=True wall=9.62 rss=728MB cyc=14 wait=36.1s sweep_ns/cell=13.0 load=4.2
js10_wordfreq_n1       before r1 ok=True wall=2.3 rss=513MB cyc=None wait=0.0s sweep_ns/cell=0.0 load=6.3
js10_wordfreq_n1       after  r1 ok=True wall=2.3 rss=513MB cyc=None wait=0.0s sweep_ns/cell=0.0 load=6.0
js10_wordfreq_n6       before r1 ok=True wall=3.27 rss=677MB cyc=3 wait=3.0s sweep_ns/cell=20.2 load=5.7
js10_wordfreq_n6       after  r1 ok=True wall=3.06 rss=706MB cyc=5 wait=0.4s sweep_ns/cell=17.4 load=5.8
js10_wordfreq_n12      before r1 ok=True wall=8.03 rss=915MB cyc=8 wait=35.0s sweep_ns/cell=37.7 load=6.0
js10_wordfreq_n12      after  r1 ok=True wall=6.61 rss=931MB cyc=10 wait=21.6s sweep_ns/cell=17.9 load=5.3
js10_graph_n1          before r1 ok=True wall=2.8 rss=652MB cyc=1 wait=0.1s sweep_ns/cell=9.6 load=4.9
  waiting: busy=[] cpus=2.76 load=4.62
js10_graph_n1          after  r1 ok=True wall=2.69 rss=652MB cyc=1 wait=0.1s sweep_ns/cell=9.8 load=4.1
js10_graph_n6          before r1 ok=True wall=9.71 rss=774MB cyc=12 wait=23.8s sweep_ns/cell=49.9 load=4.3
js10_graph_n6          after  r1 ok=True wall=7.88 rss=739MB cyc=17 wait=12.4s sweep_ns/cell=20.6 load=4.3
jsad_records_n12       before r1 ok=True wall=47.18 rss=2109MB cyc=24 wait=348.8s sweep_ns/cell=66.3 load=4.2
jsad_records_n12       after  r1 ok=True wall=21.67 rss=2586MB cyc=24 wait=20.0s sweep_ns/cell=20.6 load=5.0
  waiting: busy=[] cpus=2.99 load=6.95
jsad_join_n12          before r1 ok=True wall=36.6 rss=2882MB cyc=17 wait=187.4s sweep_ns/cell=63.5 load=5.8
jsad_join_n12          after  r1 ok=True wall=23.7 rss=2817MB cyc=17 wait=53.5s sweep_ns/cell=27.7 load=5.5
jsad_doctree_n12       before r1 ok=True wall=29.85 rss=2675MB cyc=14 wait=162.4s sweep_ns/cell=57.1 load=6.4
jsad_doctree_n12       after  r1 ok=True wall=24.08 rss=2656MB cyc=15 wait=35.8s sweep_ns/cell=20.6 load=7.3
  waiting: busy=[] cpus=5.19 load=8.22
  waiting: busy=[] cpus=2.54 load=7.15
jsad_wordfreq_n12      before r1 ok=True wall=23.5 rss=1763MB cyc=24 wait=165.4s sweep_ns/cell=49.9 load=6.7
jsad_wordfreq_n12      after  r1 ok=True wall=13.57 rss=2762MB cyc=18 wait=18.2s sweep_ns/cell=18.7 load=6.8
jsad_graph_n12         before r1 ok=True wall=59.95 rss=2817MB cyc=21 wait=392.6s sweep_ns/cell=60.5 load=5.8
jsad_graph_n12         after  r1 ok=True wall=43.17 rss=2771MB cyc=30 wait=162.5s sweep_ns/cell=17.6 load=7.6
scala_tree_t1          before r1 ok=True wall=17.39 rss=154MB cyc=28 wait=2.0s sweep_ns/cell=73.1 load=9.6
scala_tree_t1          after  r1 ok=True wall=13.25 rss=158MB cyc=24 wait=0.0s sweep_ns/cell=46.4 load=7.8
scala_tree_t6          before r1 ok=True wall=86.38 rss=177MB cyc=199 wait=238.8s sweep_ns/cell=162.3 load=7.0
scala_tree_t6          after  r1 ok=True wall=59.75 rss=188MB cyc=174 wait=129.1s sweep_ns/cell=122.8 load=6.8
  waiting: busy=[] cpus=4.51 load=7.24
clj_coll_t1            before r1 ok=True wall=11.77 rss=135MB cyc=66 wait=3.1s sweep_ns/cell=41.5 load=6.6
clj_coll_t1            after  r1 ok=True wall=14.78 rss=135MB cyc=92 wait=0.0s sweep_ns/cell=34.0 load=5.8
clj_coll_t6            before r1 ok=True wall=117.82 rss=157MB cyc=354 wait=476.6s sweep_ns/cell=136.3 load=4.8
clj_coll_t6            after  r1 ok=True wall=45.06 rss=155MB cyc=460 wait=27.0s sweep_ns/cell=45.0 load=5.3
  waiting: busy=[] cpus=3.55 load=7.98
cad_20k                before r1 ok=True wall=234.4 rss=1254MB cyc=69 wait=667.0s sweep_ns/cell=120.2 load=6.9
cad_20k                after  r1 ok=True wall=144.53 rss=1218MB cyc=104 wait=253.0s sweep_ns/cell=20.9 load=3.9
