policy/scala_tree_t1         after-default    r0 ok=True wall=13.32 rss=2855MB cyc=0/0 load=5.6
policy/scala_tree_t1         after-adaptive   r0 ok=True wall=13.65 rss=165MB cyc=23/0 load=5.0
policy/scala_tree_t1         after-default    r1 ok=True wall=13.09 rss=2855MB cyc=0/0 load=4.3
policy/scala_tree_t1         after-adaptive   r1 ok=True wall=13.56 rss=165MB cyc=23/0 load=4.7
policy/scala_tree_t1         after-default    r2 ok=True wall=12.95 rss=2855MB cyc=0/0 load=4.1
  waiting: busy=[] cpus=3.16 load=3.87
policy/scala_tree_t1         after-adaptive   r2 ok=True wall=13.34 rss=165MB cyc=24/0 load=3.7
policy/scala_tree_t6         after-default    r0 ok=False wall=None rss=0MB cyc=0/0 load=3.3
  waiting: busy=[] cpus=3.31 load=5.71
policy/scala_tree_t6         after-adaptive   r0 ok=True wall=35.04 rss=415MB cyc=75/0 load=5.3
policy/scala_tree_t6         after-default    r1 ok=False wall=None rss=0MB cyc=0/0 load=6.2
policy/scala_tree_t6         after-adaptive   r1 ok=True wall=34.8 rss=453MB cyc=86/0 load=6.1
policy/scala_tree_t6         after-default    r2 ok=False wall=None rss=0MB cyc=0/0 load=6.5
policy/scala_tree_t6         after-adaptive   r2 ok=True wall=35.11 rss=448MB cyc=79/0 load=6.5
policy/clj_coll_t1           after-default    r0 ok=True wall=13.94 rss=8404MB cyc=0/0 load=7.6
policy/clj_coll_t1           after-adaptive   r0 ok=True wall=13.57 rss=141MB cyc=85/0 load=6.1
policy/clj_coll_t1           after-default    r1 ok=True wall=13.53 rss=8403MB cyc=0/0 load=5.2
policy/clj_coll_t1           after-adaptive   r1 ok=True wall=13.58 rss=141MB cyc=85/0 load=4.6
policy/clj_coll_t1           after-default    r2 ok=True wall=13.43 rss=8403MB cyc=0/0 load=4.0
policy/clj_coll_t1           after-adaptive   r2 ok=True wall=12.89 rss=141MB cyc=85/0 load=3.6
policy/clj_coll_t6           after-default    r0 ok=False wall=None rss=0MB cyc=0/0 load=3.7
  waiting: busy=[] cpus=3.04 load=4.55
policy/clj_coll_t6           after-adaptive   r0 ok=True wall=38.36 rss=1721MB cyc=64/0 load=4.1
policy/clj_coll_t6           after-default    r1 ok=False wall=None rss=0MB cyc=0/0 load=7.9
  waiting: busy=[] cpus=5.31 load=8.41
policy/clj_coll_t6           after-adaptive   r1 ok=True wall=38.72 rss=1699MB cyc=72/0 load=6.8
  waiting: busy=[] cpus=2.90 load=7.87
policy/clj_coll_t6           after-default    r2 ok=False wall=None rss=0MB cyc=0/0 load=6.4
policy/clj_coll_t6           after-adaptive   r2 ok=True wall=35.4 rss=336MB cyc=386/0 load=6.0
policy/js_records_n12        after-default    r0 ok=True wall=22.52 rss=12614MB cyc=0/2 load=7.1
policy/js_records_n12        after-adaptive   r0 ok=True wall=20.34 rss=6870MB cyc=17/0 load=8.1
policy/js_records_n12        after-default    r1 ok=True wall=22.69 rss=12618MB cyc=0/3 load=8.0
policy/js_records_n12        after-adaptive   r1 ok=True wall=18.16 rss=4763MB cyc=18/0 load=7.5
policy/js_records_n12        after-default    r2 ok=True wall=21.22 rss=12628MB cyc=0/2 load=8.4
policy/js_records_n12        after-adaptive   r2 ok=True wall=20.81 rss=7923MB cyc=16/0 load=9.6
policy/js_wordfreq_n12       after-default    r0 ok=True wall=15.37 rss=12867MB cyc=0/1 load=9.8
policy/js_wordfreq_n12       after-adaptive   r0 ok=True wall=12.81 rss=3803MB cyc=15/0 load=10.4
policy/js_wordfreq_n12       after-default    r1 ok=True wall=14.2 rss=12809MB cyc=0/1 load=10.7
policy/js_wordfreq_n12       after-adaptive   r1 ok=True wall=12.28 rss=3506MB cyc=16/0 load=9.0
policy/js_wordfreq_n12       after-default    r2 ok=True wall=14.34 rss=12891MB cyc=0/1 load=8.1
policy/js_wordfreq_n12       after-adaptive   r2 ok=True wall=16.18 rss=2585MB cyc=18/0 load=8.4
  waiting: busy=[] cpus=5.62 load=7.34
policy/js_graph_n12          after-default    r0 ok=True wall=28.87 rss=12813MB cyc=0/5 load=6.5
policy/js_graph_n12          after-adaptive   r0 ok=True wall=28.06 rss=11762MB cyc=13/0 load=8.7
policy/js_graph_n12          after-default    r1 ok=True wall=27.74 rss=12812MB cyc=0/5 load=10.2
  waiting: busy=[] cpus=2.99 load=11.03
policy/js_graph_n12          after-adaptive   r1 ok=True wall=28.85 rss=12409MB cyc=13/0 load=9.6
policy/js_graph_n12          after-default    r2 ok=True wall=27.5 rss=12833MB cyc=0/5 load=8.8
policy/js_graph_n12          after-adaptive   r2 ok=True wall=27.26 rss=10138MB cyc=13/0 load=10.4
