microbenchmark_final A round=1 rc=0 load=2.46 lib=libprotoCore.so.3 => <workspace>/protoCore/build_pkg_oct03/libprotoCore.so.3
microbenchmark_final B round=1 rc=0 load=2.46 lib=libprotoCore.so.3 => <workspace>/protoCore/build_pkg_oct04/libprotoCore.so.3
mutable_access_benchmark A round=1 rc=0 load=2.51 lib=libprotoCore.so.3 => <workspace>/protoCore/build_pkg_oct03/libprotoCore.so.3
mutable_access_benchmark B round=1 rc=0 load=2.51 lib=libprotoCore.so.3 => <workspace>/protoCore/build_pkg_oct04/libprotoCore.so.3
cache_timing_benchmark A round=1 rc=0 load=2.55 lib=libprotoCore.so.3 => <workspace>/protoCore/build_pkg_oct03/libprotoCore.so.3
cache_timing_benchmark B round=1 rc=0 load=2.98 lib=libprotoCore.so.3 => <workspace>/protoCore/build_pkg_oct04/libprotoCore.so.3
hash_quality_benchmark A round=1 rc=0 load=2.98 lib=libprotoCore.so.3 => <workspace>/protoCore/build_pkg_oct03/libprotoCore.so.3
hash_quality_benchmark B round=1 rc=0 load=2.98 lib=libprotoCore.so.3 => <workspace>/protoCore/build_pkg_oct04/libprotoCore.so.3
object_access_benchmark A round=1 rc=0 load=2.98 lib=libprotoCore.so.3 => <workspace>/protoCore/build_pkg_oct03/libprotoCore.so.3
object_access_benchmark B round=1 rc=0 load=3.52 lib=libprotoCore.so.3 => <workspace>/protoCore/build_pkg_oct04/libprotoCore.so.3
immutable_sharing_benchmark A round=1 rc=0 load=3.90 lib=libprotoCore.so.3 => <workspace>/protoCore/build_pkg_oct03/libprotoCore.so.3
immutable_sharing_benchmark B round=1 rc=0 load=4.06 lib=libprotoCore.so.3 => <workspace>/protoCore/build_pkg_oct04/libprotoCore.so.3
microbenchmark_final A round=2 rc=0 load=3.98 lib=libprotoCore.so.3 => <workspace>/protoCore/build_pkg_oct03/libprotoCore.so.3
microbenchmark_final B round=2 rc=0 load=3.98 lib=libprotoCore.so.3 => <workspace>/protoCore/build_pkg_oct04/libprotoCore.so.3
mutable_access_benchmark A round=2 rc=0 load=3.90 lib=libprotoCore.so.3 => <workspace>/protoCore/build_pkg_oct03/libprotoCore.so.3
mutable_access_benchmark B round=2 rc=0 load=3.90 lib=libprotoCore.so.3 => <workspace>/protoCore/build_pkg_oct04/libprotoCore.so.3
cache_timing_benchmark A round=2 rc=0 load=3.83 lib=libprotoCore.so.3 => <workspace>/protoCore/build_pkg_oct03/libprotoCore.so.3
cache_timing_benchmark B round=2 rc=0 load=3.76 lib=libprotoCore.so.3 => <workspace>/protoCore/build_pkg_oct04/libprotoCore.so.3
hash_quality_benchmark A round=2 rc=0 load=3.76 lib=libprotoCore.so.3 => <workspace>/protoCore/build_pkg_oct03/libprotoCore.so.3
hash_quality_benchmark B round=2 rc=0 load=3.76 lib=libprotoCore.so.3 => <workspace>/protoCore/build_pkg_oct04/libprotoCore.so.3
object_access_benchmark A round=2 rc=0 load=3.76 lib=libprotoCore.so.3 => <workspace>/protoCore/build_pkg_oct03/libprotoCore.so.3
object_access_benchmark B round=2 rc=0 load=3.48 lib=libprotoCore.so.3 => <workspace>/protoCore/build_pkg_oct04/libprotoCore.so.3
immutable_sharing_benchmark A round=2 rc=0 load=3.13 lib=libprotoCore.so.3 => <workspace>/protoCore/build_pkg_oct03/libprotoCore.so.3
immutable_sharing_benchmark B round=2 rc=0 load=3.04 lib=libprotoCore.so.3 => <workspace>/protoCore/build_pkg_oct04/libprotoCore.so.3
microbenchmark_final A round=3 rc=0 load=3.36 lib=libprotoCore.so.3 => <workspace>/protoCore/build_pkg_oct03/libprotoCore.so.3
microbenchmark_final B round=3 rc=0 load=3.36 lib=libprotoCore.so.3 => <workspace>/protoCore/build_pkg_oct04/libprotoCore.so.3
mutable_access_benchmark A round=3 rc=0 load=3.33 lib=libprotoCore.so.3 => <workspace>/protoCore/build_pkg_oct03/libprotoCore.so.3
mutable_access_benchmark B round=3 rc=0 load=3.33 lib=libprotoCore.so.3 => <workspace>/protoCore/build_pkg_oct04/libprotoCore.so.3
cache_timing_benchmark A round=3 rc=0 load=3.22 lib=libprotoCore.so.3 => <workspace>/protoCore/build_pkg_oct03/libprotoCore.so.3
cache_timing_benchmark B round=3 rc=0 load=3.22 lib=libprotoCore.so.3 => <workspace>/protoCore/build_pkg_oct04/libprotoCore.so.3
hash_quality_benchmark A round=3 rc=0 load=3.28 lib=libprotoCore.so.3 => <workspace>/protoCore/build_pkg_oct03/libprotoCore.so.3
hash_quality_benchmark B round=3 rc=0 load=3.28 lib=libprotoCore.so.3 => <workspace>/protoCore/build_pkg_oct04/libprotoCore.so.3
object_access_benchmark A round=3 rc=0 load=3.28 lib=libprotoCore.so.3 => <workspace>/protoCore/build_pkg_oct03/libprotoCore.so.3
object_access_benchmark B round=3 rc=0 load=3.06 lib=libprotoCore.so.3 => <workspace>/protoCore/build_pkg_oct04/libprotoCore.so.3
immutable_sharing_benchmark A round=3 rc=0 load=2.91 lib=libprotoCore.so.3 => <workspace>/protoCore/build_pkg_oct03/libprotoCore.so.3
immutable_sharing_benchmark B round=3 rc=0 load=2.83 lib=libprotoCore.so.3 => <workspace>/protoCore/build_pkg_oct04/libprotoCore.so.3
